FONDO ISLA: t=1e+42 k=1.396297981405027e+20 L=40000 coh=0.049σ
FONDO ISLA: t=1e+42 k=1.3962979814051745e+20 L=40000 coh=0.048σ
FONDO ISLA: t=1e+42 k=1.3962979814051748e+20 L=40000 coh=0.048σ
FONDO ISLA: t=1e+42 k=1.3962979814051771e+20 L=40000 coh=0.037σ
FONDO ISLA: t=1e+42 k=1.3962979814051784e+20 L=40000 coh=0.043σ
FONDO ISLA: t=1e+42 k=1.3962979814051794e+20 L=40000 coh=0.032σ
FONDO ISLA: t=1e+42 k=1.3962979814051797e+20 L=40000 coh=0.032σ
FONDO ISLA: t=1e+42 k=1.3962979814051807e+20 L=40000 coh=0.044σ
FONDO ISLA: t=1e+42 k=1.3962979814051811e+20 L=40000 coh=0.045σ
FONDO ISLA: t=1e+42 k=1.396297981405182e+20 L=40000 coh=0.030σ
FONDO ISLA: t=1e+42 k=1.3962979814051824e+20 L=40000 coh=0.047σ
FONDO ISLA: t=1e+42 k=1.396297981405183e+20 L=40000 coh=0.043σ
FONDO ISLA: t=1e+42 k=1.3962979814051833e+20 L=40000 coh=0.032σ
FONDO ISLA: t=1e+42 k=1.3962979814051843e+20 L=40000 coh=0.028σ
FONDO ISLA: t=1e+42 k=1.3962979814051847e+20 L=40000 coh=0.026σ
FONDO ISLA: t=1e+42 k=1.396297981405185e+20 L=40000 coh=0.037σ
FONDO ISLA: t=1e+42 k=1.3962979814051853e+20 L=40000 coh=0.042σ
FONDO ISLA: t=1e+42 k=1.3962979814051856e+20 L=40000 coh=0.026σ
FONDO ISLA: t=1e+42 k=1.396297981405186e+20 L=40000 coh=0.022σ
FONDO ISLA: t=1e+42 k=1.3962979814051863e+20 L=40000 coh=0.045σ
FONDO ISLA: t=1e+42 k=1.3962979814051866e+20 L=40000 coh=0.046σ
FONDO ISLA: t=1e+42 k=1.3962979814051869e+20 L=40000 coh=0.023σ
FONDO ISLA: t=1e+42 k=1.3962979814051873e+20 L=40000 coh=0.032σ
FONDO ISLA: t=1e+42 k=1.3962979814051879e+20 L=40000 coh=0.032σ
FONDO ISLA: t=1e+42 k=1.3962979814051883e+20 L=40000 coh=0.018σ
FONDO ISLA: t=1e+42 k=1.3962979814051886e+20 L=40000 coh=0.041σ
FONDO ISLA: t=1e+42 k=1.3962979814051889e+20 L=40000 coh=0.038σ
FONDO ISLA: t=1e+42 k=1.3962979814051892e+20 L=40000 coh=0.014σ
FONDO ISLA: t=1e+42 k=1.3962979814051896e+20 L=40000 coh=0.011σ
FONDO ISLA: t=1e+42 k=1.3962979814051899e+20 L=40000 coh=0.027σ
FONDO ISLA: t=1e+42 k=1.3962979814051902e+20 L=40000 coh=0.030σ
FONDO ISLA: t=1e+42 k=1.3962979814051906e+20 L=40000 coh=0.010σ
FONDO ISLA: t=1e+42 k=1.3962979814051909e+20 L=40000 coh=0.005σ
FONDO ISLA: t=1e+42 k=1.3962979814051912e+20 L=40000 coh=0.026σ
FONDO ISLA: t=1e+42 k=1.3962979814051915e+20 L=40000 coh=0.036σ
FONDO ISLA: t=1e+42 k=1.3962979814051919e+20 L=40000 coh=0.022σ
FONDO ISLA: t=1e+42 k=1.3962979814051922e+20 L=40000 coh=0.017σ
FONDO ISLA: t=1e+42 k=1.3962979814051925e+20 L=40000 coh=0.038σ
FONDO ISLA: t=1e+42 k=1.3962979814051928e+20 L=40000 coh=0.022σ
FONDO ISLA: t=1e+42 k=1.3962979814051932e+20 L=40000 coh=0.019σ
FONDO ISLA: t=1e+42 k=1.3962979814051935e+20 L=40000 coh=0.021σ
FONDO ISLA: t=1e+42 k=1.3962979814051938e+20 L=40000 coh=0.034σ
FONDO ISLA: t=1e+42 k=1.3962979814051942e+20 L=40000 coh=0.008σ
FONDO ISLA: t=1e+42 k=1.3962979814051945e+20 L=40000 coh=0.013σ
FONDO ISLA: t=1e+42 k=1.3962979814051948e+20 L=40000 coh=0.024σ
FONDO ISLA: t=1e+42 k=1.3962979814051951e+20 L=40000 coh=0.021σ
FONDO ISLA: t=1e+42 k=1.3962979814051955e+20 L=40000 coh=0.015σ
FONDO ISLA: t=1e+42 k=1.3962979814051958e+20 L=40000 coh=0.017σ
FONDO ISLA: t=1e+42 k=1.3962979814051961e+20 L=40000 coh=0.017σ
FONDO ISLA: t=1e+42 k=1.3962979814051965e+20 L=40000 coh=0.019σ
FONDO ISLA: t=1e+42 k=1.3962979814051968e+20 L=40000 coh=0.018σ
FONDO ISLA: t=1e+42 k=1.3962979814051971e+20 L=40000 coh=0.009σ
FONDO ISLA: t=1e+42 k=1.3962979814051974e+20 L=40000 coh=0.022σ
FONDO ISLA: t=1e+42 k=1.3962979814051978e+20 L=40000 coh=0.012σ
FONDO ISLA: t=1e+42 k=1.3962979814051981e+20 L=40000 coh=0.029σ
FONDO ISLA: t=1e+42 k=1.3962979814051984e+20 L=40000 coh=0.014σ
FONDO ISLA: t=1e+42 k=1.3962979814051987e+20 L=40000 coh=0.020σ
FONDO ISLA: t=1e+42 k=1.3962979814051991e+20 L=40000 coh=0.009σ
FONDO ISLA: t=1e+42 k=1.3962979814051994e+20 L=40000 coh=0.026σ
FONDO ISLA: t=1e+42 k=1.3962979814051997e+20 L=40000 coh=0.013σ
FONDO ISLA: t=1e+42 k=1.3962979814052001e+20 L=40000 coh=0.001σ
FONDO ISLA: t=1e+42 k=1.3962979814052004e+20 L=40000 coh=0.022σ
FONDO ISLA: t=1e+42 k=1.3962979814052007e+20 L=40000 coh=0.026σ
FONDO ISLA: t=1e+42 k=1.396297981405201e+20 L=40000 coh=0.008σ
FONDO ISLA: t=1e+42 k=1.3962979814052014e+20 L=40000 coh=0.011σ
FONDO ISLA: t=1e+42 k=1.3962979814052017e+20 L=40000 coh=0.025σ
FONDO ISLA: t=1e+42 k=1.396297981405202e+20 L=40000 coh=0.027σ
FONDO ISLA: t=1e+42 k=1.3962979814052024e+20 L=40000 coh=0.004σ
FONDO ISLA: t=1e+42 k=1.3962979814052027e+20 L=40000 coh=0.010σ
FONDO ISLA: t=1e+42 k=1.396297981405203e+20 L=40000 coh=0.033σ
FONDO ISLA: t=1e+42 k=1.3962979814052033e+20 L=40000 coh=0.016σ
FONDO ISLA: t=1e+42 k=1.3962979814052037e+20 L=40000 coh=0.012σ
FONDO ISLA: t=1e+42 k=1.396297981405204e+20 L=40000 coh=0.017σ
FONDO ISLA: t=1e+42 k=1.3962979814052043e+20 L=40000 coh=0.037σ
FONDO ISLA: t=1e+42 k=1.3962979814052046e+20 L=40000 coh=0.015σ
FONDO ISLA: t=1e+42 k=1.396297981405205e+20 L=40000 coh=0.011σ
FONDO ISLA: t=1e+42 k=1.3962979814052053e+20 L=40000 coh=0.035σ
FONDO ISLA: t=1e+42 k=1.3962979814052056e+20 L=40000 coh=0.038σ
FONDO ISLA: t=1e+42 k=1.396297981405206e+20 L=40000 coh=0.021σ
FONDO ISLA: t=1e+42 k=1.3962979814052063e+20 L=40000 coh=0.029σ
FONDO ISLA: t=1e+42 k=1.3962979814052066e+20 L=40000 coh=0.039σ
FONDO ISLA: t=1e+42 k=1.3962979814052069e+20 L=40000 coh=0.043σ
FONDO ISLA: t=1e+42 k=1.3962979814052073e+20 L=40000 coh=0.021σ
FONDO ISLA: t=1e+42 k=1.3962979814052076e+20 L=40000 coh=0.018σ
FONDO ISLA: t=1e+42 k=1.3962979814052079e+20 L=40000 coh=0.047σ
FONDO ISLA: t=1e+42 k=1.3962979814052082e+20 L=40000 coh=0.035σ
FONDO ISLA: t=1e+42 k=1.3962979814052086e+20 L=40000 coh=0.011σ
FONDO ISLA: t=1e+42 k=1.3962979814052089e+20 L=40000 coh=0.032σ
FONDO ISLA: t=1e+42 k=1.3962979814052096e+20 L=40000 coh=0.035σ
FONDO ISLA: t=1e+42 k=1.3962979814052099e+20 L=40000 coh=0.018σ
FONDO ISLA: t=1e+42 k=1.3962979814052102e+20 L=40000 coh=0.043σ
FONDO ISLA: t=1e+42 k=1.3962979814052109e+20 L=40000 coh=0.027σ
FONDO ISLA: t=1e+42 k=1.3962979814052112e+20 L=40000 coh=0.036σ
FONDO ISLA: t=1e+42 k=1.3962979814052122e+20 L=40000 coh=0.028σ
FONDO ISLA: t=1e+42 k=1.3962979814052125e+20 L=40000 coh=0.042σ
FONDO ISLA: t=1e+42 k=1.3962979814052135e+20 L=40000 coh=0.031σ
FONDO ISLA: t=1e+42 k=1.3962979814052138e+20 L=40000 coh=0.049σ
FONDO ISLA: t=1e+42 k=1.3962979814052148e+20 L=40000 coh=0.036σ
FONDO ISLA: t=1e+42 k=1.3962979814052158e+20 L=40000 coh=0.039σ
FONDO ISLA: t=1e+42 k=1.3962979814052171e+20 L=40000 coh=0.047σ
FONDO ISLA: t=1e+42 k=1.3962979814052197e+20 L=40000 coh=0.042σ
FONDO ISLA: t=1e+42 k=1.3962979814052758e+20 L=40000 coh=0.044σ
FONDO ISLA: t=1e+42 k=1.3962979814052761e+20 L=40000 coh=0.044σ
FONDO ISLA: t=1e+42 k=1.3962979814052784e+20 L=40000 coh=0.038σ
FONDO ISLA: t=1e+42 k=1.3962979814052797e+20 L=40000 coh=0.037σ
FONDO ISLA: t=1e+42 k=1.3962979814052807e+20 L=40000 coh=0.033σ
FONDO ISLA: t=1e+42 k=1.396297981405281e+20 L=40000 coh=0.031σ
FONDO ISLA: t=1e+42 k=1.3962979814052813e+20 L=40000 coh=0.040σ
FONDO ISLA: t=1e+42 k=1.3962979814052816e+20 L=40000 coh=0.046σ
FONDO ISLA: t=1e+42 k=1.396297981405282e+20 L=40000 coh=0.029σ
FONDO ISLA: t=1e+42 k=1.3962979814052823e+20 L=40000 coh=0.025σ
FONDO ISLA: t=1e+42 k=1.3962979814052826e+20 L=40000 coh=0.047σ
FONDO ISLA: t=1e+42 k=1.396297981405283e+20 L=40000 coh=0.048σ
FONDO ISLA: t=1e+42 k=1.3962979814052833e+20 L=40000 coh=0.024σ
FONDO ISLA: t=1e+42 k=1.3962979814052836e+20 L=40000 coh=0.033σ
FONDO ISLA: t=1e+42 k=1.3962979814052843e+20 L=40000 coh=0.032σ
FONDO ISLA: t=1e+42 k=1.3962979814052846e+20 L=40000 coh=0.018σ
FONDO ISLA: t=1e+42 k=1.3962979814052849e+20 L=40000 coh=0.040σ
FONDO ISLA: t=1e+42 k=1.3962979814052853e+20 L=40000 coh=0.036σ
FONDO ISLA: t=1e+42 k=1.3962979814052856e+20 L=40000 coh=0.012σ
FONDO ISLA: t=1e+42 k=1.3962979814052859e+20 L=40000 coh=0.008σ
FONDO ISLA: t=1e+42 k=1.3962979814052862e+20 L=40000 coh=0.024σ
FONDO ISLA: t=1e+42 k=1.3962979814052866e+20 L=40000 coh=0.025σ
FONDO ISLA: t=1e+42 k=1.3962979814052869e+20 L=40000 coh=0.008σ
FONDO ISLA: t=1e+42 k=1.3962979814052872e+20 L=40000 coh=0.001σ
FONDO ISLA: t=1e+42 k=1.3962979814052875e+20 L=40000 coh=0.021σ
FONDO ISLA: t=1e+42 k=1.3962979814052879e+20 L=40000 coh=0.030σ
FONDO ISLA: t=1e+42 k=1.3962979814052882e+20 L=40000 coh=0.021σ
FONDO ISLA: t=1e+42 k=1.3962979814052885e+20 L=40000 coh=0.013σ
FONDO ISLA: t=1e+42 k=1.3962979814052889e+20 L=40000 coh=0.031σ
FONDO ISLA: t=1e+42 k=1.3962979814052892e+20 L=40000 coh=0.015σ
FONDO ISLA: t=1e+42 k=1.3962979814052895e+20 L=40000 coh=0.025σ
FONDO ISLA: t=1e+42 k=1.3962979814052898e+20 L=40000 coh=0.016σ
FONDO ISLA: t=1e+42 k=1.3962979814052902e+20 L=40000 coh=0.024σ
FONDO ISLA: t=1e+42 k=1.3962979814052905e+20 L=40000 coh=0.005σ
FONDO ISLA: t=1e+42 k=1.3962979814052908e+20 L=40000 coh=0.019σ
FONDO ISLA: t=1e+42 k=1.3962979814052912e+20 L=40000 coh=0.015σ
FONDO ISLA: t=1e+42 k=1.3962979814052915e+20 L=40000 coh=0.009σ
FONDO ISLA: t=1e+42 k=1.3962979814052918e+20 L=40000 coh=0.026σ
FONDO ISLA: t=1e+42 k=1.3962979814052921e+20 L=40000 coh=0.030σ
FONDO ISLA: t=1e+42 k=1.3962979814052925e+20 L=40000 coh=0.006σ
FONDO ISLA: t=1e+42 k=1.3962979814052928e+20 L=40000 coh=0.011σ
FONDO ISLA: t=1e+42 k=1.3962979814052931e+20 L=40000 coh=0.026σ
FONDO ISLA: t=1e+42 k=1.3962979814052934e+20 L=40000 coh=0.019σ
FONDO ISLA: t=1e+42 k=1.3962979814052938e+20 L=40000 coh=0.008σ
FONDO ISLA: t=1e+42 k=1.3962979814052941e+20 L=40000 coh=0.017σ
FONDO ISLA: t=1e+42 k=1.3962979814052944e+20 L=40000 coh=0.044σ
FONDO ISLA: t=1e+42 k=1.3962979814052948e+20 L=40000 coh=0.021σ
FONDO ISLA: t=1e+42 k=1.3962979814052951e+20 L=40000 coh=0.002σ
FONDO ISLA: t=1e+42 k=1.3962979814052954e+20 L=40000 coh=0.025σ
FONDO ISLA: t=1e+42 k=1.3962979814052957e+20 L=40000 coh=0.040σ
FONDO ISLA: t=1e+42 k=1.3962979814052961e+20 L=40000 coh=0.010σ
FONDO ISLA: t=1e+42 k=1.3962979814052964e+20 L=40000 coh=0.021σ
FONDO ISLA: t=1e+42 k=1.3962979814052967e+20 L=40000 coh=0.041σ
FONDO ISLA: t=1e+42 k=1.396297981405297e+20 L=40000 coh=0.046σ
FONDO ISLA: t=1e+42 k=1.3962979814052974e+20 L=40000 coh=0.023σ
FONDO ISLA: t=1e+42 k=1.3962979814052977e+20 L=40000 coh=0.033σ
FONDO ISLA: t=1e+42 k=1.396297981405298e+20 L=40000 coh=0.045σ
FONDO ISLA: t=1e+42 k=1.3962979814052984e+20 L=40000 coh=0.049σ
FONDO ISLA: t=1e+42 k=1.3962979814052987e+20 L=40000 coh=0.026σ
FONDO ISLA: t=1e+42 k=1.396297981405299e+20 L=40000 coh=0.027σ
FONDO ISLA: t=1e+42 k=1.3962979814052997e+20 L=40000 coh=0.039σ
FONDO ISLA: t=1e+42 k=1.3962979814053e+20 L=40000 coh=0.014σ
FONDO ISLA: t=1e+42 k=1.3962979814053003e+20 L=40000 coh=0.041σ
FONDO ISLA: t=1e+42 k=1.396297981405301e+20 L=40000 coh=0.036σ
FONDO ISLA: t=1e+42 k=1.3962979814053013e+20 L=40000 coh=0.038σ
FONDO ISLA: t=1e+42 k=1.3962979814053023e+20 L=40000 coh=0.046σ
FONDO ISLA: t=1e+42 k=1.3962979814053036e+20 L=40000 coh=0.048σ
FONDO ISLA: t=1e+42 k=1.3962979814053039e+20 L=40000 coh=0.048σ
FONDO ISLA: t=1e+42 k=1.3962979814053049e+20 L=40000 coh=0.041σ
FONDO ISLA: t=1e+42 k=1.3962979814053488e+20 L=40000 coh=0.044σ
FONDO ISLA: t=1e+42 k=1.3962979814053498e+20 L=40000 coh=0.042σ
FONDO ISLA: t=1e+42 k=1.3962979814053501e+20 L=40000 coh=0.037σ
FONDO ISLA: t=1e+42 k=1.3962979814053505e+20 L=40000 coh=0.049σ
FONDO ISLA: t=1e+42 k=1.3962979814053511e+20 L=40000 coh=0.031σ
FONDO ISLA: t=1e+42 k=1.3962979814053514e+20 L=40000 coh=0.028σ
FONDO ISLA: t=1e+42 k=1.3962979814053518e+20 L=40000 coh=0.046σ
FONDO ISLA: t=1e+42 k=1.3962979814053524e+20 L=40000 coh=0.035σ
FONDO ISLA: t=1e+42 k=1.3962979814053528e+20 L=40000 coh=0.035σ
FONDO ISLA: t=1e+42 k=1.3962979814053534e+20 L=40000 coh=0.039σ
FONDO ISLA: t=1e+42 k=1.3962979814053537e+20 L=40000 coh=0.018σ
FONDO ISLA: t=1e+42 k=1.3962979814053541e+20 L=40000 coh=0.035σ
FONDO ISLA: t=1e+42 k=1.3962979814053544e+20 L=40000 coh=0.050σ
FONDO ISLA: t=1e+42 k=1.3962979814053547e+20 L=40000 coh=0.023σ
FONDO ISLA: t=1e+42 k=1.396297981405355e+20 L=40000 coh=0.017σ
FONDO ISLA: t=1e+42 k=1.3962979814053554e+20 L=40000 coh=0.035σ
FONDO ISLA: t=1e+42 k=1.3962979814053557e+20 L=40000 coh=0.036σ
FONDO ISLA: t=1e+42 k=1.396297981405356e+20 L=40000 coh=0.005σ
FONDO ISLA: t=1e+42 k=1.3962979814053564e+20 L=40000 coh=0.005σ
FONDO ISLA: t=1e+42 k=1.3962979814053567e+20 L=40000 coh=0.027σ
FONDO ISLA: t=1e+42 k=1.396297981405357e+20 L=40000 coh=0.028σ
FONDO ISLA: t=1e+42 k=1.3962979814053573e+20 L=40000 coh=0.017σ
FONDO ISLA: t=1e+42 k=1.3962979814053577e+20 L=40000 coh=0.010σ
FONDO ISLA: t=1e+42 k=1.396297981405358e+20 L=40000 coh=0.030σ
FONDO ISLA: t=1e+42 k=1.3962979814053583e+20 L=40000 coh=0.015σ
FONDO ISLA: t=1e+42 k=1.3962979814053587e+20 L=40000 coh=0.025σ
FONDO ISLA: t=1e+42 k=1.396297981405359e+20 L=40000 coh=0.014σ
FONDO ISLA: t=1e+42 k=1.3962979814053593e+20 L=40000 coh=0.024σ
FONDO ISLA: t=1e+42 k=1.3962979814053596e+20 L=40000 coh=0.007σ
FONDO ISLA: t=1e+42 k=1.39629798140536e+20 L=40000 coh=0.025σ
FONDO ISLA: t=1e+42 k=1.3962979814053603e+20 L=40000 coh=0.014σ
FONDO ISLA: t=1e+42 k=1.3962979814053606e+20 L=40000 coh=0.001σ
FONDO ISLA: t=1e+42 k=1.3962979814053609e+20 L=40000 coh=0.022σ
FONDO ISLA: t=1e+42 k=1.3962979814053613e+20 L=40000 coh=0.027σ
FONDO ISLA: t=1e+42 k=1.3962979814053616e+20 L=40000 coh=0.009σ
FONDO ISLA: t=1e+42 k=1.3962979814053619e+20 L=40000 coh=0.014σ
FONDO ISLA: t=1e+42 k=1.3962979814053623e+20 L=40000 coh=0.028σ
FONDO ISLA: t=1e+42 k=1.3962979814053626e+20 L=40000 coh=0.032σ
FONDO ISLA: t=1e+42 k=1.3962979814053629e+20 L=40000 coh=0.009σ
FONDO ISLA: t=1e+42 k=1.3962979814053632e+20 L=40000 coh=0.013σ
FONDO ISLA: t=1e+42 k=1.3962979814053636e+20 L=40000 coh=0.039σ
FONDO ISLA: t=1e+42 k=1.3962979814053639e+20 L=40000 coh=0.023σ
FONDO ISLA: t=1e+42 k=1.3962979814053642e+20 L=40000 coh=0.003σ
FONDO ISLA: t=1e+42 k=1.3962979814053646e+20 L=40000 coh=0.026σ
FONDO ISLA: t=1e+42 k=1.3962979814053649e+20 L=40000 coh=0.045σ
FONDO ISLA: t=1e+42 k=1.3962979814053652e+20 L=40000 coh=0.023σ
FONDO ISLA: t=1e+42 k=1.3962979814053655e+20 L=40000 coh=0.023σ
FONDO ISLA: t=1e+42 k=1.3962979814053659e+20 L=40000 coh=0.047σ
FONDO ISLA: t=1e+42 k=1.3962979814053665e+20 L=40000 coh=0.034σ
FONDO ISLA: t=1e+42 k=1.3962979814053668e+20 L=40000 coh=0.045σ
FONDO ISLA: t=1e+42 k=1.3962979814053678e+20 L=40000 coh=0.037σ
FONDO ISLA: t=1e+42 k=1.3962979814053682e+20 L=40000 coh=0.036σ
FONDO ISLA: t=1e+42 k=1.3962979814053691e+20 L=40000 coh=0.031σ
FONDO ISLA: t=1e+42 k=1.3962979814053704e+20 L=40000 coh=0.042σ
FONDO ISLA: t=1e+42 k=1.3962979814053714e+20 L=40000 coh=0.049σ
FONDO ISLA: t=1e+42 k=1.3962979814054068e+20 L=40000 coh=0.045σ
FONDO ISLA: t=1e+42 k=1.3962979814054081e+20 L=40000 coh=0.041σ
FONDO ISLA: t=1e+42 k=1.3962979814054091e+20 L=40000 coh=0.037σ
FONDO ISLA: t=1e+42 k=1.3962979814054094e+20 L=40000 coh=0.034σ
FONDO ISLA: t=1e+42 k=1.3962979814054098e+20 L=40000 coh=0.042σ
FONDO ISLA: t=1e+42 k=1.3962979814054101e+20 L=40000 coh=0.047σ
FONDO ISLA: t=1e+42 k=1.3962979814054104e+20 L=40000 coh=0.030σ
FONDO ISLA: t=1e+42 k=1.3962979814054108e+20 L=40000 coh=0.025σ
FONDO ISLA: t=1e+42 k=1.3962979814054111e+20 L=40000 coh=0.047σ
FONDO ISLA: t=1e+42 k=1.3962979814054114e+20 L=40000 coh=0.047σ
FONDO ISLA: t=1e+42 k=1.3962979814054117e+20 L=40000 coh=0.023σ
FONDO ISLA: t=1e+42 k=1.3962979814054121e+20 L=40000 coh=0.031σ
FONDO ISLA: t=1e+42 k=1.3962979814054127e+20 L=40000 coh=0.028σ
FONDO ISLA: t=1e+42 k=1.396297981405413e+20 L=40000 coh=0.015σ
FONDO ISLA: t=1e+42 k=1.3962979814054134e+20 L=40000 coh=0.036σ
FONDO ISLA: t=1e+42 k=1.3962979814054137e+20 L=40000 coh=0.031σ
FONDO ISLA: t=1e+42 k=1.396297981405414e+20 L=40000 coh=0.006σ
FONDO ISLA: t=1e+42 k=1.3962979814054144e+20 L=40000 coh=0.003σ
FONDO ISLA: t=1e+42 k=1.3962979814054147e+20 L=40000 coh=0.018σ
FONDO ISLA: t=1e+42 k=1.396297981405415e+20 L=40000 coh=0.017σ
FONDO ISLA: t=1e+42 k=1.3962979814054153e+20 L=40000 coh=0.009σ
FONDO ISLA: t=1e+42 k=1.3962979814054157e+20 L=40000 coh=0.009σ
FONDO ISLA: t=1e+42 k=1.396297981405416e+20 L=40000 coh=0.012σ
FONDO ISLA: t=1e+42 k=1.3962979814054163e+20 L=40000 coh=0.019σ
FONDO ISLA: t=1e+42 k=1.3962979814054167e+20 L=40000 coh=0.023σ
FONDO ISLA: t=1e+42 k=1.396297981405417e+20 L=40000 coh=0.012σ
FONDO ISLA: t=1e+42 k=1.3962979814054173e+20 L=40000 coh=0.019σ
FONDO ISLA: t=1e+42 k=1.3962979814054176e+20 L=40000 coh=0.010σ
FONDO ISLA: t=1e+42 k=1.396297981405418e+20 L=40000 coh=0.035σ
FONDO ISLA: t=1e+42 k=1.3962979814054183e+20 L=40000 coh=0.016σ
FONDO ISLA: t=1e+42 k=1.3962979814054186e+20 L=40000 coh=0.009σ
FONDO ISLA: t=1e+42 k=1.3962979814054189e+20 L=40000 coh=0.019σ
FONDO ISLA: t=1e+42 k=1.3962979814054193e+20 L=40000 coh=0.032σ
FONDO ISLA: t=1e+42 k=1.3962979814054196e+20 L=40000 coh=0.012σ
FONDO ISLA: t=1e+42 k=1.3962979814054199e+20 L=40000 coh=0.013σ
FONDO ISLA: t=1e+42 k=1.3962979814054203e+20 L=40000 coh=0.043σ
FONDO ISLA: t=1e+42 k=1.3962979814054206e+20 L=40000 coh=0.049σ
FONDO ISLA: t=1e+42 k=1.3962979814054209e+20 L=40000 coh=0.012σ
FONDO ISLA: t=1e+42 k=1.3962979814054212e+20 L=40000 coh=0.024σ
FONDO ISLA: t=1e+42 k=1.3962979814054216e+20 L=40000 coh=0.043σ
FONDO ISLA: t=1e+42 k=1.3962979814054219e+20 L=40000 coh=0.039σ
FONDO ISLA: t=1e+42 k=1.3962979814054222e+20 L=40000 coh=0.017σ
FONDO ISLA: t=1e+42 k=1.3962979814054226e+20 L=40000 coh=0.037σ
FONDO ISLA: t=1e+42 k=1.3962979814054232e+20 L=40000 coh=0.041σ
FONDO ISLA: t=1e+42 k=1.3962979814054235e+20 L=40000 coh=0.026σ
FONDO ISLA: t=1e+42 k=1.3962979814054239e+20 L=40000 coh=0.050σ
FONDO ISLA: t=1e+42 k=1.3962979814054245e+20 L=40000 coh=0.033σ
FONDO ISLA: t=1e+42 k=1.3962979814054248e+20 L=40000 coh=0.049σ
FONDO ISLA: t=1e+42 k=1.3962979814054258e+20 L=40000 coh=0.045σ
FONDO ISLA: t=1e+42 k=1.3962979814054284e+20 L=40000 coh=0.048σ
FONDO ISLA: t=1e+42 k=1.3962979814054586e+20 L=40000 coh=0.046σ
FONDO ISLA: t=1e+42 k=1.3962979814054589e+20 L=40000 coh=0.042σ
FONDO ISLA: t=1e+42 k=1.3962979814054599e+20 L=40000 coh=0.037σ
FONDO ISLA: t=1e+42 k=1.3962979814054602e+20 L=40000 coh=0.046σ
FONDO ISLA: t=1e+42 k=1.3962979814054609e+20 L=40000 coh=0.044σ
FONDO ISLA: t=1e+42 k=1.3962979814054612e+20 L=40000 coh=0.027σ
FONDO ISLA: t=1e+42 k=1.3962979814054615e+20 L=40000 coh=0.049σ
FONDO ISLA: t=1e+42 k=1.3962979814054619e+20 L=40000 coh=0.046σ
FONDO ISLA: t=1e+42 k=1.3962979814054622e+20 L=40000 coh=0.021σ
FONDO ISLA: t=1e+42 k=1.3962979814054625e+20 L=40000 coh=0.016σ
FONDO ISLA: t=1e+42 k=1.3962979814054629e+20 L=40000 coh=0.030σ
FONDO ISLA: t=1e+42 k=1.3962979814054632e+20 L=40000 coh=0.033σ
FONDO ISLA: t=1e+42 k=1.3962979814054635e+20 L=40000 coh=0.011σ
FONDO ISLA: t=1e+42 k=1.3962979814054638e+20 L=40000 coh=0.005σ
FONDO ISLA: t=1e+42 k=1.3962979814054642e+20 L=40000 coh=0.024σ
FONDO ISLA: t=1e+42 k=1.3962979814054645e+20 L=40000 coh=0.033σ
FONDO ISLA: t=1e+42 k=1.3962979814054648e+20 L=40000 coh=0.021σ
FONDO ISLA: t=1e+42 k=1.3962979814054651e+20 L=40000 coh=0.014σ
FONDO ISLA: t=1e+42 k=1.3962979814054655e+20 L=40000 coh=0.031σ
FONDO ISLA: t=1e+42 k=1.3962979814054658e+20 L=40000 coh=0.014σ
FONDO ISLA: t=1e+42 k=1.3962979814054661e+20 L=40000 coh=0.026σ
FONDO ISLA: t=1e+42 k=1.3962979814054665e+20 L=40000 coh=0.016σ
FONDO ISLA: t=1e+42 k=1.3962979814054668e+20 L=40000 coh=0.021σ
FONDO ISLA: t=1e+42 k=1.3962979814054671e+20 L=40000 coh=0.008σ
FONDO ISLA: t=1e+42 k=1.3962979814054674e+20 L=40000 coh=0.023σ
FONDO ISLA: t=1e+42 k=1.3962979814054678e+20 L=40000 coh=0.012σ
FONDO ISLA: t=1e+42 k=1.3962979814054681e+20 L=40000 coh=0.004σ
FONDO ISLA: t=1e+42 k=1.3962979814054684e+20 L=40000 coh=0.033σ
FONDO ISLA: t=1e+42 k=1.3962979814054688e+20 L=40000 coh=0.038σ
FONDO ISLA: t=1e+42 k=1.3962979814054691e+20 L=40000 coh=0.004σ
FONDO ISLA: t=1e+42 k=1.3962979814054694e+20 L=40000 coh=0.015σ
FONDO ISLA: t=1e+42 k=1.3962979814054697e+20 L=40000 coh=0.035σ
FONDO ISLA: t=1e+42 k=1.3962979814054701e+20 L=40000 coh=0.030σ
FONDO ISLA: t=1e+42 k=1.3962979814054704e+20 L=40000 coh=0.008σ
FONDO ISLA: t=1e+42 k=1.3962979814054707e+20 L=40000 coh=0.028σ
FONDO ISLA: t=1e+42 k=1.3962979814054714e+20 L=40000 coh=0.034σ
FONDO ISLA: t=1e+42 k=1.3962979814054717e+20 L=40000 coh=0.016σ
FONDO ISLA: t=1e+42 k=1.396297981405472e+20 L=40000 coh=0.042σ
FONDO ISLA: t=1e+42 k=1.3962979814054727e+20 L=40000 coh=0.026σ
FONDO ISLA: t=1e+42 k=1.396297981405473e+20 L=40000 coh=0.042σ
FONDO ISLA: t=1e+42 k=1.396297981405474e+20 L=40000 coh=0.040σ
FONDO ISLA: t=1e+42 k=1.3962979814054766e+20 L=40000 coh=0.044σ
FONDO ISLA: t=1e+42 k=1.3962979814055032e+20 L=40000 coh=0.048σ
FONDO ISLA: t=1e+42 k=1.3962979814055045e+20 L=40000 coh=0.042σ
FONDO ISLA: t=1e+42 k=1.3962979814055055e+20 L=40000 coh=0.037σ
FONDO TORMENTA: t=1e+42 k=1.3962979814050143e+20 ventana=32 marea=-0.995
FONDO TORMENTA: t=1e+42 k=1.3962979814050251e+20 ventana=32 marea=-0.995
FONDO TORMENTA: t=1e+42 k=1.3962979814050359e+20 ventana=32 marea=-0.994
FONDO TORMENTA: t=1e+42 k=1.3962979814050467e+20 ventana=32 marea=-0.993
FONDO TORMENTA: t=1e+42 k=1.3962979814050575e+20 ventana=32 marea=-0.993
FONDO TORMENTA: t=1e+42 k=1.3962979814050683e+20 ventana=32 marea=-0.991
FONDO TORMENTA: t=1e+42 k=1.3962979814050791e+20 ventana=32 marea=-0.990
FONDO TORMENTA: t=1e+42 k=1.39629798140509e+20 ventana=32 marea=-0.989
FONDO TORMENTA: t=1e+42 k=1.3962979814051008e+20 ventana=32 marea=-0.988
FONDO TORMENTA: t=1e+42 k=1.3962979814051116e+20 ventana=32 marea=-0.987
FONDO TORMENTA: t=1e+42 k=1.3962979814051224e+20 ventana=32 marea=-0.987
FONDO TORMENTA: t=1e+42 k=1.3962979814051332e+20 ventana=32 marea=-0.987
FONDO TORMENTA: t=1e+42 k=1.396297981405144e+20 ventana=32 marea=-0.989
FONDO TORMENTA: t=1e+42 k=1.3962979814051548e+20 ventana=32 marea=-0.992
FONDO TORMENTA: t=1e+42 k=1.3962979814051656e+20 ventana=32 marea=-0.995
FONDO TORMENTA: t=1e+42 k=1.3962979814051765e+20 ventana=32 marea=-0.998
FONDO TORMENTA: t=1e+42 k=1.3962979814051873e+20 ventana=32 marea=-0.999
FONDO TORMENTA: t=1e+42 k=1.3962979814051981e+20 ventana=32 marea=-0.999
FONDO TORMENTA: t=1e+42 k=1.3962979814052089e+20 ventana=32 marea=-0.997
FONDO TORMENTA: t=1e+42 k=1.3962979814052197e+20 ventana=32 marea=-0.994
FONDO TORMENTA: t=1e+42 k=1.3962979814052305e+20 ventana=32 marea=-0.990
FONDO TORMENTA: t=1e+42 k=1.3962979814052413e+20 ventana=32 marea=-0.987
FONDO TORMENTA: t=1e+42 k=1.3962979814052522e+20 ventana=32 marea=-0.988
FONDO TORMENTA: t=1e+42 k=1.396297981405263e+20 ventana=32 marea=-0.992
FONDO TORMENTA: t=1e+42 k=1.3962979814052738e+20 ventana=32 marea=-0.997
FONDO TORMENTA: t=1e+42 k=1.3962979814052846e+20 ventana=32 marea=-1.000
FONDO TORMENTA: t=1e+42 k=1.3962979814052954e+20 ventana=32 marea=-0.998
FONDO TORMENTA: t=1e+42 k=1.3962979814053062e+20 ventana=32 marea=-0.993
FONDO TORMENTA: t=1e+42 k=1.396297981405317e+20 ventana=32 marea=-0.988
FONDO TORMENTA: t=1e+42 k=1.3962979814053279e+20 ventana=32 marea=-0.989
FONDO TORMENTA: t=1e+42 k=1.3962979814053387e+20 ventana=32 marea=-0.994
FONDO TORMENTA: t=1e+42 k=1.3962979814053495e+20 ventana=32 marea=-0.999
FONDO TORMENTA: t=1e+42 k=1.3962979814053603e+20 ventana=32 marea=-0.999
FONDO TORMENTA: t=1e+42 k=1.3962979814053711e+20 ventana=32 marea=-0.993
FONDO TORMENTA: t=1e+42 k=1.3962979814053819e+20 ventana=32 marea=-0.988
FONDO TORMENTA: t=1e+42 k=1.3962979814053927e+20 ventana=32 marea=-0.990
FONDO TORMENTA: t=1e+42 k=1.3962979814054035e+20 ventana=32 marea=-0.997
FONDO TORMENTA: t=1e+42 k=1.3962979814054144e+20 ventana=32 marea=-0.999
FONDO TORMENTA: t=1e+42 k=1.3962979814054252e+20 ventana=32 marea=-0.994
FONDO TORMENTA: t=1e+42 k=1.396297981405436e+20 ventana=32 marea=-0.988
FONDO TORMENTA: t=1e+42 k=1.3962979814054468e+20 ventana=32 marea=-0.992
FONDO TORMENTA: t=1e+42 k=1.3962979814054576e+20 ventana=32 marea=-0.999
FONDO TORMENTA: t=1e+42 k=1.3962979814054684e+20 ventana=32 marea=-0.997
FONDO TORMENTA: t=1e+42 k=1.3962979814054792e+20 ventana=32 marea=-0.990
FONDO TORMENTA: t=1e+42 k=1.3962979814054901e+20 ventana=32 marea=-0.990
FONDO ISLA: t=1e+34 k=13962979814050142 L=49664 coh=0.027σ
FONDO ISLA: t=1e+34 k=13962979814099806 L=49664 coh=0.031σ
FONDO ISLA: t=1e+34 k=13962979814149470 L=49664 coh=0.024σ
FONDO ISLA: t=1e+34 k=13962979814199134 L=49664 coh=0.044σ
FONDO ISLA: t=1e+34 k=13962979814248798 L=49664 coh=0.041σ
FONDO ISLA: t=1e+34 k=13962979814298462 L=49664 coh=0.024σ
FONDO ISLA: t=1e+34 k=13962979814348126 L=49664 coh=0.011σ
FONDO ISLA: t=1e+34 k=13962979814397790 L=49664 coh=0.023σ
FONDO ISLA: t=1e+34 k=13962979814447454 L=49664 coh=0.026σ
FONDO ISLA: t=1e+34 k=13962979814497118 L=49664 coh=0.015σ
FONDO ISLA: t=1e+34 k=13962979814546782 L=49664 coh=0.031σ
FONDO ISLA: t=1e+34 k=13962979814596446 L=49664 coh=0.022σ
FONDO ISLA: t=1e+34 k=13962979814646110 L=49664 coh=0.037σ
FONDO ISLA: t=1e+34 k=13962979814695774 L=49664 coh=0.027σ
FONDO ISLA: t=1e+34 k=13962979814745438 L=49664 coh=0.038σ
FONDO ISLA: t=1e+34 k=13962979814795102 L=49664 coh=0.029σ
FONDO ISLA: t=1e+34 k=13962979814844766 L=49664 coh=0.023σ
FONDO ISLA: t=1e+34 k=13962979814894430 L=49664 coh=0.019σ
FONDO ISLA: t=1e+34 k=13962979814944094 L=49664 coh=0.010σ
FONDO ISLA: t=1e+34 k=13962979814993758 L=49664 coh=0.020σ
FONDO ISLA: t=1e+34 k=13962979815043422 L=49664 coh=0.031σ
FONDO ISLA: t=1e+34 k=13962979815093086 L=49664 coh=0.038σ
FONDO ISLA: t=1e+34 k=13962979815142750 L=49664 coh=0.038σ
FONDO ISLA: t=1e+34 k=13962979815192414 L=49664 coh=0.013σ
FONDO ISLA: t=1e+34 k=13962979815242078 L=49664 coh=0.019σ
FONDO ISLA: t=1e+34 k=13962979815291742 L=49664 coh=0.026σ
FONDO ISLA: t=1e+34 k=13962979815341406 L=49664 coh=0.029σ
FONDO ISLA: t=1e+34 k=13962979815391070 L=49664 coh=0.020σ
FONDO ISLA: t=1e+34 k=13962979815440734 L=49664 coh=0.018σ
FONDO ISLA: t=1e+34 k=13962979815490398 L=49664 coh=0.016σ
FONDO ISLA: t=1e+34 k=13962979815540062 L=49664 coh=0.008σ
FONDO ISLA: t=1e+34 k=13962979815589726 L=49664 coh=0.030σ
FONDO ISLA: t=1e+34 k=13962979815639390 L=49664 coh=0.019σ
FONDO ISLA: t=1e+34 k=13962979815689054 L=49664 coh=0.042σ
FONDO ISLA: t=1e+34 k=13962979815738718 L=49664 coh=0.015σ
FONDO ISLA: t=1e+34 k=13962979815788382 L=49664 coh=0.024σ
FONDO ISLA: t=1e+34 k=13962979815838046 L=49664 coh=0.012σ
FONDO ISLA: t=1e+34 k=13962979815887710 L=49664 coh=0.016σ
FONDO ISLA: t=1e+34 k=13962979815937374 L=49664 coh=0.012σ
FONDO ISLA: t=1e+34 k=13962979815987038 L=49664 coh=0.018σ
FONDO ISLA: t=1e+34 k=13962979816036702 L=49664 coh=0.022σ
FONDO ISLA: t=1e+34 k=13962979816086366 L=49664 coh=0.019σ
FONDO ISLA: t=1e+34 k=13962979816136030 L=49664 coh=0.038σ
FONDO ISLA: t=1e+34 k=13962979816185694 L=49664 coh=0.019σ
FONDO ISLA: t=1e+34 k=13962979816235358 L=49664 coh=0.014σ
FONDO ISLA: t=1e+34 k=13962979816285022 L=49664 coh=0.005σ
FONDO ISLA: t=1e+34 k=13962979816334686 L=49664 coh=0.016σ
FONDO ISLA: t=1e+34 k=13962979816384350 L=49664 coh=0.013σ
FONDO ISLA: t=1e+34 k=13962979816434014 L=49664 coh=0.013σ
FONDO ISLA: t=1e+34 k=13962979816483678 L=49664 coh=0.014σ
FONDO ISLA: t=1e+34 k=13962979816533342 L=49664 coh=0.012σ
FONDO ISLA: t=1e+34 k=13962979816583006 L=49664 coh=0.015σ
FONDO ISLA: t=1e+34 k=13962979816632670 L=49664 coh=0.005σ
FONDO ISLA: t=1e+34 k=13962979816682334 L=49664 coh=0.014σ
FONDO ISLA: t=1e+34 k=13962979816731998 L=49664 coh=0.035σ
FONDO ISLA: t=1e+34 k=13962979816781662 L=49664 coh=0.031σ
FONDO ISLA: t=1e+34 k=13962979816831326 L=49664 coh=0.029σ
FONDO ISLA: t=1e+34 k=13962979816880990 L=49664 coh=0.017σ
FONDO ISLA: t=1e+34 k=13962979816930654 L=49664 coh=0.014σ
FONDO ISLA: t=1e+34 k=13962979816980318 L=49664 coh=0.016σ
FONDO ISLA: t=1e+34 k=13962979817029982 L=49664 coh=0.027σ
FONDO ISLA: t=1e+34 k=13962979817079646 L=49664 coh=0.035σ
FONDO ISLA: t=1e+34 k=13962979817129310 L=49664 coh=0.021σ
FONDO ISLA: t=1e+34 k=13962979817178974 L=49664 coh=0.044σ
FONDO ISLA: t=1e+34 k=13962979817228638 L=49664 coh=0.015σ
FONDO ISLA: t=1e+34 k=13962979817278302 L=49664 coh=0.015σ
FONDO ISLA: t=1e+34 k=13962979817327966 L=49664 coh=0.034σ
FONDO ISLA: t=1e+34 k=13962979817377630 L=49664 coh=0.011σ
FONDO ISLA: t=1e+34 k=13962979817427294 L=49664 coh=0.013σ
FONDO ISLA: t=1e+34 k=13962979817476958 L=49664 coh=0.017σ
FONDO ISLA: t=1e+34 k=13962979817526622 L=49664 coh=0.033σ
FONDO ISLA: t=1e+34 k=13962979817576286 L=49664 coh=0.026σ
FONDO ISLA: t=1e+34 k=13962979817625950 L=49664 coh=0.018σ
FONDO ISLA: t=1e+34 k=13962979817675614 L=49664 coh=0.015σ
FONDO ISLA: t=1e+34 k=13962979817725278 L=49664 coh=0.041σ
FONDO ISLA: t=1e+34 k=13962979817774942 L=49664 coh=0.017σ
FONDO ISLA: t=1e+34 k=13962979817824606 L=49664 coh=0.016σ
FONDO ISLA: t=1e+34 k=13962979817874270 L=49664 coh=0.005σ
FONDO ISLA: t=1e+34 k=13962979817923934 L=49664 coh=0.025σ
FONDO ISLA: t=1e+34 k=13962979817973598 L=49664 coh=0.037σ
FONDO ISLA: t=1e+34 k=13962979818023262 L=49664 coh=0.017σ
FONDO ISLA: t=1e+34 k=13962979818172254 L=49664 coh=0.026σ
FONDO ISLA: t=1e+34 k=13962979818221918 L=49664 coh=0.048σ
FONDO ISLA: t=1e+34 k=13962979818370910 L=49664 coh=0.040σ
FONDO OLA: t=1e+34 k=13962979818817886 L=49664 coh=10.032σ
FONDO ISLA: t=1e+34 k=13962979819165534 L=49664 coh=0.015σ
FONDO ISLA: t=1e+34 k=13962979819215198 L=49664 coh=0.026σ
FONDO ISLA: t=1e+34 k=13962979819264862 L=49664 coh=0.009σ
FONDO ISLA: t=1e+34 k=13962979819314526 L=49664 coh=0.034σ
FONDO ISLA: t=1e+34 k=13962979819413854 L=49664 coh=0.003σ
FONDO ISLA: t=1e+34 k=13962979819562846 L=49664 coh=0.016σ
FONDO ISLA: t=1e+34 k=13962979819612510 L=49664 coh=0.034σ
FONDO ISLA: t=1e+34 k=13962979819662174 L=49664 coh=0.030σ
FONDO ISLA: t=1e+34 k=13962979819711838 L=49664 coh=0.023σ
FONDO ISLA: t=1e+34 k=13962979819761502 L=49664 coh=0.026σ
FONDO ISLA: t=1e+34 k=13962979819811166 L=49664 coh=0.024σ
FONDO ISLA: t=1e+34 k=13962979819860830 L=49664 coh=0.039σ
FONDO ISLA: t=1e+34 k=13962979819910494 L=49664 coh=0.039σ
FONDO ISLA: t=1e+34 k=13962979819960158 L=49664 coh=0.038σ
FONDO ISLA: t=1e+34 k=13962979820009822 L=49664 coh=0.039σ
FONDO ISLA: t=1e+34 k=13962979820059486 L=49664 coh=0.031σ
FONDO ISLA: t=1e+34 k=13962979820109150 L=49664 coh=0.022σ
FONDO ISLA: t=1e+34 k=13962979820158814 L=49664 coh=0.016σ
FONDO ISLA: t=1e+34 k=13962979820208478 L=49664 coh=0.010σ
FONDO ISLA: t=1e+34 k=13962979820258142 L=49664 coh=0.012σ
FONDO ISLA: t=1e+34 k=13962979820307806 L=49664 coh=0.008σ
FONDO ISLA: t=1e+34 k=13962979820357470 L=49664 coh=0.013σ
FONDO ISLA: t=1e+34 k=13962979820407134 L=49664 coh=0.040σ
FONDO ISLA: t=1e+34 k=13962979820456798 L=49664 coh=0.040σ
FONDO ISLA: t=1e+34 k=13962979820506462 L=49664 coh=0.022σ
FONDO ISLA: t=1e+34 k=13962979820556126 L=49664 coh=0.020σ
FONDO ISLA: t=1e+34 k=13962979820605790 L=49664 coh=0.031σ
FONDO ISLA: t=1e+34 k=13962979820655454 L=49664 coh=0.018σ
FONDO ISLA: t=1e+34 k=13962979820705118 L=49664 coh=0.015σ
FONDO ISLA: t=1e+34 k=13962979820754782 L=49664 coh=0.005σ
FONDO ISLA: t=1e+34 k=13962979820804446 L=49664 coh=0.010σ
FONDO ISLA: t=1e+34 k=13962979820854110 L=49664 coh=0.007σ
FONDO ISLA: t=1e+34 k=13962979820903774 L=49664 coh=0.028σ
FONDO ISLA: t=1e+34 k=13962979820953438 L=49664 coh=0.023σ
FONDO ISLA: t=1e+34 k=13962979821003102 L=49664 coh=0.014σ
FONDO ISLA: t=1e+34 k=13962979821052766 L=49664 coh=0.036σ
FONDO ISLA: t=1e+34 k=13962979821152094 L=49664 coh=0.006σ
FONDO ISLA: t=1e+34 k=13962979821201758 L=49664 coh=0.040σ
FONDO ISLA: t=1e+34 k=13962979821301086 L=49664 coh=0.045σ
FONDO ISLA: t=1e+34 k=13962979821450078 L=49664 coh=0.026σ
FONDO OLA: t=1e+34 k=13962979821599070 L=49664 coh=3.233σ
FONDO OLA: t=1e+34 k=13962979821648734 L=49664 coh=3.502σ
FONDO ISLA: t=1e+34 k=13962979821748062 L=49664 coh=0.033σ
FONDO ISLA: t=1e+34 k=13962979821847390 L=49664 coh=0.038σ
FONDO ISLA: t=1e+34 k=13962979821996382 L=49664 coh=0.023σ
FONDO ISLA: t=1e+34 k=13962979822046046 L=49664 coh=0.028σ
FONDO ISLA: t=1e+34 k=13962979822095710 L=49664 coh=0.050σ
FONDO ISLA: t=1e+34 k=13962979822145374 L=49664 coh=0.038σ
FONDO ISLA: t=1e+34 k=13962979822195038 L=49664 coh=0.039σ
FONDO ISLA: t=1e+34 k=13962979822244702 L=49664 coh=0.034σ
FONDO ISLA: t=1e+34 k=13962979822294366 L=49664 coh=0.024σ
FONDO ISLA: t=1e+34 k=13962979822344030 L=49664 coh=0.030σ
FONDO ISLA: t=1e+34 k=13962979822393694 L=49664 coh=0.012σ
FONDO ISLA: t=1e+34 k=13962979822443358 L=49664 coh=0.024σ
FONDO ISLA: t=1e+34 k=13962979822493022 L=49664 coh=0.014σ
FONDO ISLA: t=1e+34 k=13962979822542686 L=49664 coh=0.015σ
FONDO ISLA: t=1e+34 k=13962979822592350 L=49664 coh=0.024σ
FONDO ISLA: t=1e+34 k=13962979822642014 L=49664 coh=0.014σ
FONDO ISLA: t=1e+34 k=13962979822691678 L=49664 coh=0.016σ
FONDO ISLA: t=1e+34 k=13962979822741342 L=49664 coh=0.032σ
FONDO ISLA: t=1e+34 k=13962979822791006 L=49664 coh=0.001σ
FONDO ISLA: t=1e+34 k=13962979822840670 L=49664 coh=0.005σ
FONDO ISLA: t=1e+34 k=13962979822890334 L=49664 coh=0.029σ
FONDO ISLA: t=1e+34 k=13962979822939998 L=49664 coh=0.009σ
FONDO ISLA: t=1e+34 k=13962979822989662 L=49664 coh=0.008σ
FONDO ISLA: t=1e+34 k=13962979823039326 L=49664 coh=0.009σ
FONDO ISLA: t=1e+34 k=13962979823088990 L=49664 coh=0.019σ
FONDO ISLA: t=1e+34 k=13962979823138654 L=49664 coh=0.033σ
FONDO ISLA: t=1e+34 k=13962979823188318 L=49664 coh=0.045σ
FONDO ISLA: t=1e+34 k=13962979823237982 L=49664 coh=0.037σ
FONDO ISLA: t=1e+34 k=13962979823535966 L=49664 coh=0.048σ
FONDO OLA: t=1e+34 k=13962979823635294 L=49664 coh=7.080σ
FONDO ISLA: t=1e+34 k=13962979823784286 L=49664 coh=0.037σ
FONDO ISLA: t=1e+34 k=13962979823933278 L=49664 coh=0.024σ
FONDO ISLA: t=1e+34 k=13962979824131934 L=49664 coh=0.042σ
FONDO ISLA: t=1e+34 k=13962979824181598 L=49664 coh=0.004σ
FONDO ISLA: t=1e+34 k=13962979824231262 L=49664 coh=0.019σ
FONDO ISLA: t=1e+34 k=13962979824280926 L=49664 coh=0.019σ
FONDO ISLA: t=1e+34 k=13962979824330590 L=49664 coh=0.016σ
FONDO ISLA: t=1e+34 k=13962979824380254 L=49664 coh=0.014σ
FONDO ISLA: t=1e+34 k=13962979824429918 L=49664 coh=0.007σ
FONDO ISLA: t=1e+34 k=13962979824479582 L=49664 coh=0.003σ
FONDO ISLA: t=1e+34 k=13962979824529246 L=49664 coh=0.035σ
FONDO ISLA: t=1e+34 k=13962979824578910 L=49664 coh=0.038σ
FONDO ISLA: t=1e+34 k=13962979824628574 L=49664 coh=0.042σ
FONDO ISLA: t=1e+34 k=13962979824678238 L=49664 coh=0.029σ
FONDO ISLA: t=1e+34 k=13962979824727902 L=49664 coh=0.007σ
FONDO ISLA: t=1e+34 k=13962979824777566 L=49664 coh=0.010σ
FONDO ISLA: t=1e+34 k=13962979824827230 L=49664 coh=0.009σ
FONDO ISLA: t=1e+34 k=13962979824876894 L=49664 coh=0.022σ
FONDO ISLA: t=1e+34 k=13962979824926558 L=49664 coh=0.024σ
FONDO ISLA: t=1e+34 k=13962979824976222 L=49664 coh=0.008σ
FONDO ISLA: t=1e+34 k=13962979825025886 L=49664 coh=0.021σ
FONDO OLA: t=1e+34 k=13962979825323870 L=49664 coh=5.352σ
FONDO ISLA: t=1e+34 k=13962979825472862 L=49664 coh=0.047σ
FONDO ISLA: t=1e+34 k=13962979825621854 L=49664 coh=0.010σ
FONDO ISLA: t=1e+34 k=13962979825671518 L=49664 coh=0.034σ
FONDO ISLA: t=1e+34 k=13962979825721182 L=49664 coh=0.010σ
FONDO ISLA: t=1e+34 k=13962979825770846 L=49664 coh=0.014σ
FONDO ISLA: t=1e+34 k=13962979825820510 L=49664 coh=0.027σ
FONDO ISLA: t=1e+34 k=13962979825870174 L=49664 coh=0.003σ
FONDO ISLA: t=1e+34 k=13962979825919838 L=49664 coh=0.018σ
FONDO ISLA: t=1e+34 k=13962979825969502 L=49664 coh=0.031σ
FONDO ISLA: t=1e+34 k=13962979826019166 L=49664 coh=0.025σ
FONDO ISLA: t=1e+34 k=13962979826068830 L=49664 coh=0.008σ
FONDO ISLA: t=1e+34 k=13962979826118494 L=49664 coh=0.015σ
FONDO ISLA: t=1e+34 k=13962979826168158 L=49664 coh=0.009σ
FONDO ISLA: t=1e+34 k=13962979826217822 L=49664 coh=0.010σ
FONDO ISLA: t=1e+34 k=13962979826267486 L=49664 coh=0.029σ
FONDO ISLA: t=1e+34 k=13962979826317150 L=49664 coh=0.032σ
FONDO ISLA: t=1e+34 k=13962979826366814 L=49664 coh=0.038σ
FONDO ISLA: t=1e+34 k=13962979826466142 L=49664 coh=0.048σ
FONDO ISLA: t=1e+34 k=13962979826615134 L=49664 coh=0.045σ
FONDO OLA: t=1e+34 k=13962979826764126 L=49664 coh=5.307σ
FONDO ISLA: t=1e+34 k=13962979827012446 L=49664 coh=0.020σ
FONDO ISLA: t=1e+34 k=13962979827062110 L=49664 coh=0.040σ
FONDO ISLA: t=1e+34 k=13962979827111774 L=49664 coh=0.020σ
FONDO ISLA: t=1e+34 k=13962979827161438 L=49664 coh=0.015σ
FONDO ISLA: t=1e+34 k=13962979827211102 L=49664 coh=0.003σ
FONDO ISLA: t=1e+34 k=13962979827260766 L=49664 coh=0.031σ
FONDO ISLA: t=1e+34 k=13962979827310430 L=49664 coh=0.042σ
FONDO ISLA: t=1e+34 k=13962979827360094 L=49664 coh=0.022σ
FONDO ISLA: t=1e+34 k=13962979827409758 L=49664 coh=0.025σ
FONDO ISLA: t=1e+34 k=13962979827459422 L=49664 coh=0.013σ
FONDO ISLA: t=1e+34 k=13962979827509086 L=49664 coh=0.010σ
FONDO ISLA: t=1e+34 k=13962979827558750 L=49664 coh=0.007σ
FONDO ISLA: t=1e+34 k=13962979827608414 L=49664 coh=0.028σ
FONDO ISLA: t=1e+34 k=13962979827658078 L=49664 coh=0.017σ
FONDO ISLA: t=1e+34 k=13962979827707742 L=49664 coh=0.016σ
FONDO ISLA: t=1e+34 k=13962979827757406 L=49664 coh=0.029σ
FONDO ISLA: t=1e+34 k=13962979827807070 L=49664 coh=0.018σ
FONDO ISLA: t=1e+34 k=13962979827856734 L=49664 coh=0.045σ
FONDO OLA: t=1e+34 k=13962979828055390 L=49664 coh=5.598σ
FONDO ISLA: t=1e+34 k=13962979828303710 L=49664 coh=0.044σ
FONDO ISLA: t=1e+34 k=13962979828353374 L=49664 coh=0.021σ
FONDO ISLA: t=1e+34 k=13962979828403038 L=49664 coh=0.024σ
FONDO ISLA: t=1e+34 k=13962979828452702 L=49664 coh=0.019σ
FONDO ISLA: t=1e+34 k=13962979828502366 L=49664 coh=0.036σ
FONDO ISLA: t=1e+34 k=13962979828552030 L=49664 coh=0.037σ
FONDO ISLA: t=1e+34 k=13962979828601694 L=49664 coh=0.003σ
FONDO ISLA: t=1e+34 k=13962979828651358 L=49664 coh=0.037σ
FONDO ISLA: t=1e+34 k=13962979828701022 L=49664 coh=0.020σ
FONDO ISLA: t=1e+34 k=13962979828750686 L=49664 coh=0.026σ
FONDO ISLA: t=1e+34 k=13962979828800350 L=49664 coh=0.010σ
FONDO ISLA: t=1e+34 k=13962979828850014 L=49664 coh=0.018σ
FONDO ISLA: t=1e+34 k=13962979828899678 L=49664 coh=0.025σ
FONDO ISLA: t=1e+34 k=13962979828949342 L=49664 coh=0.033σ
FONDO ISLA: t=1e+34 k=13962979828999006 L=49664 coh=0.044σ
FONDO ISLA: t=1e+34 k=13962979829048670 L=49664 coh=0.022σ
FONDO ISLA: t=1e+34 k=13962979829098334 L=49664 coh=0.046σ
FONDO OLA: t=1e+34 k=13962979829247326 L=49664 coh=5.488σ
FONDO ISLA: t=1e+34 k=13962979829445982 L=49664 coh=0.033σ
FONDO ISLA: t=1e+34 k=13962979829545310 L=49664 coh=0.046σ
FONDO ISLA: t=1e+34 k=13962979829594974 L=49664 coh=0.016σ
FONDO ISLA: t=1e+34 k=13962979829644638 L=49664 coh=0.021σ
FONDO ISLA: t=1e+34 k=13962979829694302 L=49664 coh=0.017σ
FONDO ISLA: t=1e+34 k=13962979829743966 L=49664 coh=0.017σ
FONDO ISLA: t=1e+34 k=13962979829793630 L=49664 coh=0.003σ
FONDO ISLA: t=1e+34 k=13962979829843294 L=49664 coh=0.025σ
FONDO ISLA: t=1e+34 k=13962979829892958 L=49664 coh=0.030σ
FONDO ISLA: t=1e+34 k=13962979829942622 L=49664 coh=0.041σ
FONDO ISLA: t=1e+34 k=13962979829992286 L=49664 coh=0.034σ
FONDO ISLA: t=1e+34 k=13962979830041950 L=49664 coh=0.037σ
FONDO ISLA: t=1e+34 k=13962979830091614 L=49664 coh=0.027σ
FONDO ISLA: t=1e+34 k=13962979830141278 L=49664 coh=0.019σ
FONDO ISLA: t=1e+34 k=13962979830190942 L=49664 coh=0.039σ
FONDO OLA: t=1e+34 k=13962979830389598 L=49664 coh=5.313σ
FONDO ISLA: t=1e+34 k=13962979830488926 L=49664 coh=0.030σ
FONDO ISLA: t=1e+34 k=13962979830588254 L=49664 coh=0.035σ
FONDO ISLA: t=1e+34 k=13962979830637918 L=49664 coh=0.024σ
FONDO ISLA: t=1e+34 k=13962979830687582 L=49664 coh=0.015σ
FONDO ISLA: t=1e+34 k=13962979830737246 L=49664 coh=0.019σ
FONDO ISLA: t=1e+34 k=13962979830786910 L=49664 coh=0.036σ
FONDO ISLA: t=1e+34 k=13962979830836574 L=49664 coh=0.030σ
FONDO ISLA: t=1e+34 k=13962979830886238 L=49664 coh=0.020σ
FONDO ISLA: t=1e+34 k=13962979830935902 L=49664 coh=0.024σ
FONDO ISLA: t=1e+34 k=13962979830985566 L=49664 coh=0.024σ
FONDO ISLA: t=1e+34 k=13962979831035230 L=49664 coh=0.026σ
FONDO ISLA: t=1e+34 k=13962979831084894 L=49664 coh=0.027σ
FONDO ISLA: t=1e+34 k=13962979831134558 L=49664 coh=0.027σ
FONDO ISLA: t=1e+34 k=13962979831184222 L=49664 coh=0.041σ
FONDO ISLA: t=1e+34 k=13962979831233886 L=49664 coh=0.050σ
FONDO OLA: t=1e+34 k=13962979831382878 L=49664 coh=2.936σ
FONDO ISLA: t=1e+34 k=13962979831581534 L=49664 coh=0.045σ
FONDO ISLA: t=1e+34 k=13962979831631198 L=49664 coh=0.045σ
FONDO ISLA: t=1e+34 k=13962979831680862 L=49664 coh=0.049σ
FONDO ISLA: t=1e+34 k=13962979831730526 L=49664 coh=0.017σ
FONDO ISLA: t=1e+34 k=13962979831780190 L=49664 coh=0.022σ
FONDO ISLA: t=1e+34 k=13962979831829854 L=49664 coh=0.021σ
FONDO ISLA: t=1e+34 k=13962979831879518 L=49664 coh=0.014σ
FONDO ISLA: t=1e+34 k=13962979831929182 L=49664 coh=0.010σ
FONDO ISLA: t=1e+34 k=13962979831978846 L=49664 coh=0.021σ
FONDO ISLA: t=1e+34 k=13962979832028510 L=49664 coh=0.028σ
FONDO ISLA: t=1e+34 k=13962979832078174 L=49664 coh=0.018σ
FONDO ISLA: t=1e+34 k=13962979832127838 L=49664 coh=0.043σ
FONDO ISLA: t=1e+34 k=13962979832177502 L=49664 coh=0.037σ
FONDO ISLA: t=1e+34 k=13962979832276830 L=49664 coh=0.035σ
FONDO OLA: t=1e+34 k=13962979832376158 L=49664 coh=4.486σ
FONDO ISLA: t=1e+34 k=13962979832525150 L=49664 coh=0.019σ
FONDO ISLA: t=1e+34 k=13962979832624478 L=49664 coh=0.021σ
FONDO ISLA: t=1e+34 k=13962979832674142 L=49664 coh=0.005σ
FONDO ISLA: t=1e+34 k=13962979832723806 L=49664 coh=0.023σ
FONDO ISLA: t=1e+34 k=13962979832773470 L=49664 coh=0.022σ
FONDO ISLA: t=1e+34 k=13962979832823134 L=49664 coh=0.005σ
FONDO ISLA: t=1e+34 k=13962979832872798 L=49664 coh=0.012σ
FONDO ISLA: t=1e+34 k=13962979832922462 L=49664 coh=0.032σ
FONDO ISLA: t=1e+34 k=13962979832972126 L=49664 coh=0.029σ
FONDO ISLA: t=1e+34 k=13962979833021790 L=49664 coh=0.015σ
FONDO ISLA: t=1e+34 k=13962979833071454 L=49664 coh=0.024σ
FONDO ISLA: t=1e+34 k=13962979833121118 L=49664 coh=0.021σ
FONDO ISLA: t=1e+34 k=13962979833170782 L=49664 coh=0.043σ
FONDO OLA: t=1e+34 k=13962979833319774 L=49664 coh=4.226σ
FONDO ISLA: t=1e+34 k=13962979833419102 L=49664 coh=0.037σ
FONDO ISLA: t=1e+34 k=13962979833468766 L=49664 coh=0.038σ
FONDO ISLA: t=1e+34 k=13962979833518430 L=49664 coh=0.022σ
FONDO ISLA: t=1e+34 k=13962979833568094 L=49664 coh=0.027σ
FONDO ISLA: t=1e+34 k=13962979833617758 L=49664 coh=0.008σ
FONDO ISLA: t=1e+34 k=13962979833667422 L=49664 coh=0.023σ
FONDO ISLA: t=1e+34 k=13962979833717086 L=49664 coh=0.023σ
FONDO ISLA: t=1e+34 k=13962979833766750 L=49664 coh=0.010σ
FONDO ISLA: t=1e+34 k=13962979833816414 L=49664 coh=0.036σ
FONDO ISLA: t=1e+34 k=13962979833866078 L=49664 coh=0.004σ
FONDO ISLA: t=1e+34 k=13962979833915742 L=49664 coh=0.009σ
FONDO ISLA: t=1e+34 k=13962979833965406 L=49664 coh=0.046σ
FONDO ISLA: t=1e+34 k=13962979834015070 L=49664 coh=0.005σ
FONDO ISLA: t=1e+34 k=13962979834064734 L=49664 coh=0.043σ
FONDO OLA: t=1e+34 k=13962979834213726 L=49664 coh=4.855σ
FONDO ISLA: t=1e+34 k=13962979834362718 L=49664 coh=0.030σ
FONDO ISLA: t=1e+34 k=13962979834412382 L=49664 coh=0.022σ
FONDO ISLA: t=1e+34 k=13962979834462046 L=49664 coh=0.022σ
FONDO ISLA: t=1e+34 k=13962979834511710 L=49664 coh=0.011σ
FONDO ISLA: t=1e+34 k=13962979834561374 L=49664 coh=0.021σ
FONDO ISLA: t=1e+34 k=13962979834611038 L=49664 coh=0.026σ
FONDO ISLA: t=1e+34 k=13962979834660702 L=49664 coh=0.036σ
FONDO ISLA: t=1e+34 k=13962979834710366 L=49664 coh=0.046σ
FONDO ISLA: t=1e+34 k=13962979834760030 L=49664 coh=0.045σ
FONDO ISLA: t=1e+34 k=13962979834809694 L=49664 coh=0.029σ
FONDO ISLA: t=1e+34 k=13962979834859358 L=49664 coh=0.040σ
FONDO OLA: t=1e+34 k=13962979835058014 L=49664 coh=3.925σ
FONDO ISLA: t=1e+34 k=13962979835207006 L=49664 coh=0.032σ
FONDO ISLA: t=1e+34 k=13962979835256670 L=49664 coh=0.035σ
FONDO ISLA: t=1e+34 k=13962979835306334 L=49664 coh=0.018σ
FONDO ISLA: t=1e+34 k=13962979835355998 L=49664 coh=0.018σ
FONDO ISLA: t=1e+34 k=13962979835405662 L=49664 coh=0.005σ
FONDO ISLA: t=1e+34 k=13962979835455326 L=49664 coh=0.030σ
FONDO ISLA: t=1e+34 k=13962979835504990 L=49664 coh=0.030σ
FONDO ISLA: t=1e+34 k=13962979835554654 L=49664 coh=0.022σ
FONDO ISLA: t=1e+34 k=13962979835604318 L=49664 coh=0.004σ
FONDO ISLA: t=1e+34 k=13962979835653982 L=49664 coh=0.045σ
FONDO ISLA: t=1e+34 k=13962979835703646 L=49664 coh=0.025σ
FONDO OLA: t=1e+34 k=13962979835852638 L=49664 coh=4.087σ
FONDO ISLA: t=1e+34 k=13962979836051294 L=49664 coh=0.026σ
FONDO ISLA: t=1e+34 k=13962979836100958 L=49664 coh=0.028σ
FONDO ISLA: t=1e+34 k=13962979836150622 L=49664 coh=0.017σ
FONDO ISLA: t=1e+34 k=13962979836200286 L=49664 coh=0.014σ
FONDO ISLA: t=1e+34 k=13962979836249950 L=49664 coh=0.021σ
FONDO ISLA: t=1e+34 k=13962979836299614 L=49664 coh=0.030σ
FONDO ISLA: t=1e+34 k=13962979836349278 L=49664 coh=0.035σ
FONDO ISLA: t=1e+34 k=13962979836398942 L=49664 coh=0.045σ
FONDO ISLA: t=1e+34 k=13962979836448606 L=49664 coh=0.046σ
FONDO ISLA: t=1e+34 k=13962979836498270 L=49664 coh=0.014σ
FONDO ISLA: t=1e+34 k=13962979836547934 L=49664 coh=0.042σ
FONDO OLA: t=1e+34 k=13962979836647262 L=49664 coh=4.241σ
FONDO ISLA: t=1e+34 k=13962979836746590 L=49664 coh=0.032σ
FONDO ISLA: t=1e+34 k=13962979836845918 L=49664 coh=0.040σ
FONDO ISLA: t=1e+34 k=13962979836895582 L=49664 coh=0.023σ
FONDO ISLA: t=1e+34 k=13962979836945246 L=49664 coh=0.025σ
FONDO ISLA: t=1e+34 k=13962979836994910 L=49664 coh=0.015σ
FONDO ISLA: t=1e+34 k=13962979837044574 L=49664 coh=0.018σ
FONDO ISLA: t=1e+34 k=13962979837094238 L=49664 coh=0.023σ
FONDO ISLA: t=1e+34 k=13962979837143902 L=49664 coh=0.032σ
FONDO ISLA: t=1e+34 k=13962979837193566 L=49664 coh=0.038σ
FONDO ISLA: t=1e+34 k=13962979837243230 L=49664 coh=0.027σ
FONDO OLA: t=1e+34 k=13962979837392222 L=49664 coh=3.972σ
FONDO ISLA: t=1e+34 k=13962979837541214 L=49664 coh=0.023σ
FONDO ISLA: t=1e+34 k=13962979837590878 L=49664 coh=0.026σ
FONDO ISLA: t=1e+34 k=13962979837640542 L=49664 coh=0.026σ
FONDO ISLA: t=1e+34 k=13962979837690206 L=49664 coh=0.016σ
FONDO ISLA: t=1e+34 k=13962979837739870 L=49664 coh=0.018σ
FONDO ISLA: t=1e+34 k=13962979837789534 L=49664 coh=0.028σ
FONDO ISLA: t=1e+34 k=13962979837839198 L=49664 coh=0.010σ
FONDO ISLA: t=1e+34 k=13962979837888862 L=49664 coh=0.009σ
FONDO ISLA: t=1e+34 k=13962979837938526 L=49664 coh=0.025σ
FONDO ISLA: t=1e+34 k=13962979837988190 L=49664 coh=0.043σ
FONDO ISLA: t=1e+34 k=13962979838037854 L=49664 coh=0.031σ
FONDO OLA: t=1e+34 k=13962979838137182 L=49664 coh=3.887σ
FONDO ISLA: t=1e+34 k=13962979838236510 L=49664 coh=0.029σ
FONDO ISLA: t=1e+34 k=13962979838286174 L=49664 coh=0.006σ
FONDO ISLA: t=1e+34 k=13962979838335838 L=49664 coh=0.004σ
FONDO ISLA: t=1e+34 k=13962979838385502 L=49664 coh=0.014σ
FONDO ISLA: t=1e+34 k=13962979838435166 L=49664 coh=0.034σ
FONDO ISLA: t=1e+34 k=13962979838484830 L=49664 coh=0.035σ
FONDO ISLA: t=1e+34 k=13962979838534494 L=49664 coh=0.017σ
FONDO ISLA: t=1e+34 k=13962979838584158 L=49664 coh=0.012σ
FONDO ISLA: t=1e+34 k=13962979838633822 L=49664 coh=0.031σ
FONDO ISLA: t=1e+34 k=13962979838683486 L=49664 coh=0.036σ
FONDO ISLA: t=1e+34 k=13962979838733150 L=49664 coh=0.018σ
FONDO OLA: t=1e+34 k=13962979838832478 L=49664 coh=3.393σ
FONDO ISLA: t=1e+34 k=13962979838931806 L=49664 coh=0.047σ
FONDO ISLA: t=1e+34 k=13962979838981470 L=49664 coh=0.022σ
FONDO ISLA: t=1e+34 k=13962979839031134 L=49664 coh=0.021σ
FONDO ISLA: t=1e+34 k=13962979839080798 L=49664 coh=0.016σ
FONDO ISLA: t=1e+34 k=13962979839130462 L=49664 coh=0.019σ
FONDO ISLA: t=1e+34 k=13962979839180126 L=49664 coh=0.014σ
FONDO ISLA: t=1e+34 k=13962979839229790 L=49664 coh=0.025σ
FONDO ISLA: t=1e+34 k=13962979839279454 L=49664 coh=0.025σ
FONDO ISLA: t=1e+34 k=13962979839329118 L=49664 coh=0.043σ
FONDO ISLA: t=1e+34 k=13962979839378782 L=49664 coh=0.009σ
FONDO ISLA: t=1e+34 k=13962979839428446 L=49664 coh=0.014σ
FONDO OLA: t=1e+34 k=13962979839527774 L=49664 coh=4.061σ
FONDO ISLA: t=1e+34 k=13962979839676766 L=49664 coh=0.040σ
FONDO ISLA: t=1e+34 k=13962979839726430 L=49664 coh=0.011σ
FONDO ISLA: t=1e+34 k=13962979839776094 L=49664 coh=0.038σ
FONDO ISLA: t=1e+34 k=13962979839825758 L=49664 coh=0.025σ
FONDO ISLA: t=1e+34 k=13962979839875422 L=49664 coh=0.027σ
FONDO ISLA: t=1e+34 k=13962979839925086 L=49664 coh=0.015σ
FONDO ISLA: t=1e+34 k=13962979839974750 L=49664 coh=0.016σ
FONDO ISLA: t=1e+34 k=13962979840024414 L=49664 coh=0.017σ
FONDO ISLA: t=1e+34 k=13962979840074078 L=49664 coh=0.028σ
FONDO ISLA: t=1e+34 k=13962979840123742 L=49664 coh=0.023σ
FONDO OLA: t=1e+34 k=13962979840223070 L=49664 coh=3.895σ
FONDO ISLA: t=1e+34 k=13962979840372062 L=49664 coh=0.038σ
FONDO ISLA: t=1e+34 k=13962979840421726 L=49664 coh=0.034σ
FONDO ISLA: t=1e+34 k=13962979840471390 L=49664 coh=0.035σ
FONDO ISLA: t=1e+34 k=13962979840521054 L=49664 coh=0.031σ
FONDO ISLA: t=1e+34 k=13962979840570718 L=49664 coh=0.041σ
FONDO ISLA: t=1e+34 k=13962979840620382 L=49664 coh=0.036σ
FONDO ISLA: t=1e+34 k=13962979840670046 L=49664 coh=0.027σ
FONDO ISLA: t=1e+34 k=13962979840719710 L=49664 coh=0.028σ
FONDO ISLA: t=1e+34 k=13962979840769374 L=49664 coh=0.035σ
FONDO OLA: t=1e+34 k=13962979840868702 L=49664 coh=3.675σ
FONDO ISLA: t=1e+34 k=13962979841017694 L=49664 coh=0.024σ
FONDO ISLA: t=1e+34 k=13962979841067358 L=49664 coh=0.033σ
FONDO ISLA: t=1e+34 k=13962979841117022 L=49664 coh=0.017σ
FONDO ISLA: t=1e+34 k=13962979841166686 L=49664 coh=0.017σ
FONDO ISLA: t=1e+34 k=13962979841216350 L=49664 coh=0.016σ
FONDO ISLA: t=1e+34 k=13962979841266014 L=49664 coh=0.011σ
FONDO ISLA: t=1e+34 k=13962979841315678 L=49664 coh=0.013σ
FONDO ISLA: t=1e+34 k=13962979841365342 L=49664 coh=0.047σ
FONDO OLA: t=1e+34 k=13962979841514334 L=49664 coh=3.479σ
FONDO ISLA: t=1e+34 k=13962979841663326 L=49664 coh=0.034σ
FONDO ISLA: t=1e+34 k=13962979841712990 L=49664 coh=0.011σ
FONDO ISLA: t=1e+34 k=13962979841762654 L=49664 coh=0.029σ
FONDO ISLA: t=1e+34 k=13962979841812318 L=49664 coh=0.028σ
FONDO ISLA: t=1e+34 k=13962979841861982 L=49664 coh=0.023σ
FONDO ISLA: t=1e+34 k=13962979841911646 L=49664 coh=0.009σ
FONDO ISLA: t=1e+34 k=13962979841961310 L=49664 coh=0.040σ
FONDO ISLA: t=1e+34 k=13962979842010974 L=49664 coh=0.021σ
FONDO ISLA: t=1e+34 k=13962979842060638 L=49664 coh=0.023σ
FONDO OLA: t=1e+34 k=13962979842159966 L=49664 coh=3.559σ
FONDO ISLA: t=1e+34 k=13962979842308958 L=49664 coh=0.024σ
FONDO ISLA: t=1e+34 k=13962979842358622 L=49664 coh=0.020σ
FONDO ISLA: t=1e+34 k=13962979842408286 L=49664 coh=0.016σ
FONDO ISLA: t=1e+34 k=13962979842457950 L=49664 coh=0.020σ
FONDO ISLA: t=1e+34 k=13962979842507614 L=49664 coh=0.023σ
FONDO ISLA: t=1e+34 k=13962979842557278 L=49664 coh=0.029σ
FONDO ISLA: t=1e+34 k=13962979842606942 L=49664 coh=0.042σ
FONDO ISLA: t=1e+34 k=13962979842656606 L=49664 coh=0.024σ
FONDO OLA: t=1e+34 k=13962979842755934 L=49664 coh=3.424σ
FONDO ISLA: t=1e+34 k=13962979842904926 L=49664 coh=0.049σ
FONDO ISLA: t=1e+34 k=13962979842954590 L=49664 coh=0.010σ
FONDO ISLA: t=1e+34 k=13962979843004254 L=49664 coh=0.029σ
FONDO ISLA: t=1e+34 k=13962979843053918 L=49664 coh=0.038σ
FONDO ISLA: t=1e+34 k=13962979843103582 L=49664 coh=0.031σ
FONDO ISLA: t=1e+34 k=13962979843153246 L=49664 coh=0.024σ
FONDO ISLA: t=1e+34 k=13962979843202910 L=49664 coh=0.032σ
FONDO ISLA: t=1e+34 k=13962979843252574 L=49664 coh=0.048σ
FONDO ISLA: t=1e+34 k=13962979843302238 L=49664 coh=0.049σ
FONDO OLA: t=1e+34 k=13962979843351902 L=49664 coh=3.345σ
FONDO ISLA: t=1e+34 k=13962979843500894 L=49664 coh=0.008σ
FONDO ISLA: t=1e+34 k=13962979843550558 L=49664 coh=0.025σ
FONDO ISLA: t=1e+34 k=13962979843600222 L=49664 coh=0.013σ
FONDO ISLA: t=1e+34 k=13962979843649886 L=49664 coh=0.014σ
FONDO ISLA: t=1e+34 k=13962979843699550 L=49664 coh=0.018σ
FONDO ISLA: t=1e+34 k=13962979843749214 L=49664 coh=0.018σ
FONDO ISLA: t=1e+34 k=13962979843798878 L=49664 coh=0.028σ
FONDO ISLA: t=1e+34 k=13962979843848542 L=49664 coh=0.047σ
FONDO OLA: t=1e+34 k=13962979843947870 L=49664 coh=3.625σ
FONDO ISLA: t=1e+34 k=13962979844047198 L=49664 coh=0.022σ
FONDO ISLA: t=1e+34 k=13962979844096862 L=49664 coh=0.034σ
FONDO ISLA: t=1e+34 k=13962979844146526 L=49664 coh=0.035σ
FONDO ISLA: t=1e+34 k=13962979844196190 L=49664 coh=0.040σ
FONDO ISLA: t=1e+34 k=13962979844245854 L=49664 coh=0.032σ
FONDO ISLA: t=1e+34 k=13962979844295518 L=49664 coh=0.010σ
FONDO ISLA: t=1e+34 k=13962979844345182 L=49664 coh=0.037σ
FONDO ISLA: t=1e+34 k=13962979844394846 L=49664 coh=0.012σ
FONDO ISLA: t=1e+34 k=13962979844444510 L=49664 coh=0.049σ
FONDO OLA: t=1e+34 k=13962979844543838 L=49664 coh=3.534σ
FONDO ISLA: t=1e+34 k=13962979844643166 L=49664 coh=0.014σ
FONDO ISLA: t=1e+34 k=13962979844692830 L=49664 coh=0.016σ
FONDO ISLA: t=1e+34 k=13962979844742494 L=49664 coh=0.007σ
FONDO ISLA: t=1e+34 k=13962979844792158 L=49664 coh=0.018σ
FONDO ISLA: t=1e+34 k=13962979844841822 L=49664 coh=0.014σ
FONDO ISLA: t=1e+34 k=13962979844891486 L=49664 coh=0.022σ
FONDO ISLA: t=1e+34 k=13962979844941150 L=49664 coh=0.024σ
FONDO ISLA: t=1e+34 k=13962979844990814 L=49664 coh=0.037σ
FONDO OLA: t=1e+34 k=13962979845090142 L=49664 coh=3.421σ
FONDO ISLA: t=1e+34 k=13962979845189470 L=49664 coh=0.042σ
FONDO ISLA: t=1e+34 k=13962979845239134 L=49664 coh=0.023σ
FONDO ISLA: t=1e+34 k=13962979845288798 L=49664 coh=0.031σ
FONDO ISLA: t=1e+34 k=13962979845338462 L=49664 coh=0.034σ
FONDO ISLA: t=1e+34 k=13962979845388126 L=49664 coh=0.024σ
FONDO ISLA: t=1e+34 k=13962979845437790 L=49664 coh=0.034σ
FONDO ISLA: t=1e+34 k=13962979845487454 L=49664 coh=0.032σ
FONDO OLA: t=1e+34 k=13962979845636446 L=49664 coh=3.442σ
FONDO ISLA: t=1e+34 k=13962979845735774 L=49664 coh=0.018σ
FONDO ISLA: t=1e+34 k=13962979845835102 L=49664 coh=0.012σ
FONDO ISLA: t=1e+34 k=13962979845884766 L=49664 coh=0.029σ
FONDO ISLA: t=1e+34 k=13962979845934430 L=49664 coh=0.030σ
FONDO ISLA: t=1e+34 k=13962979845984094 L=49664 coh=0.032σ
FONDO ISLA: t=1e+34 k=13962979846033758 L=49664 coh=0.019σ
FONDO ISLA: t=1e+34 k=13962979846083422 L=49664 coh=0.029σ
FONDO OLA: t=1e+34 k=13962979846182750 L=49664 coh=3.554σ
FONDO ISLA: t=1e+34 k=13962979846282078 L=49664 coh=0.034σ
FONDO ISLA: t=1e+34 k=13962979846331742 L=49664 coh=0.036σ
FONDO ISLA: t=1e+34 k=13962979846381406 L=49664 coh=0.023σ
FONDO ISLA: t=1e+34 k=13962979846431070 L=49664 coh=0.013σ
FONDO ISLA: t=1e+34 k=13962979846480734 L=49664 coh=0.016σ
FONDO ISLA: t=1e+34 k=13962979846530398 L=49664 coh=0.019σ
FONDO ISLA: t=1e+34 k=13962979846580062 L=49664 coh=0.018σ
FONDO OLA: t=1e+34 k=13962979846729054 L=49664 coh=3.403σ
FONDO ISLA: t=1e+34 k=13962979846878046 L=49664 coh=0.036σ
FONDO ISLA: t=1e+34 k=13962979846927710 L=49664 coh=0.013σ
FONDO ISLA: t=1e+34 k=13962979846977374 L=49664 coh=0.011σ
FONDO ISLA: t=1e+34 k=13962979847027038 L=49664 coh=0.037σ
FONDO ISLA: t=1e+34 k=13962979847076702 L=49664 coh=0.007σ
FONDO ISLA: t=1e+34 k=13962979847126366 L=49664 coh=0.030σ
FONDO ISLA: t=1e+34 k=13962979847176030 L=49664 coh=0.045σ
FONDO OLA: t=1e+34 k=13962979847275358 L=49664 coh=3.119σ
FONDO ISLA: t=1e+34 k=13962979847474014 L=49664 coh=0.025σ
FONDO ISLA: t=1e+34 k=13962979847523678 L=49664 coh=0.010σ
FONDO ISLA: t=1e+34 k=13962979847573342 L=49664 coh=0.029σ
FONDO ISLA: t=1e+34 k=13962979847623006 L=49664 coh=0.027σ
FONDO ISLA: t=1e+34 k=13962979847672670 L=49664 coh=0.040σ
FONDO OLA: t=1e+34 k=13962979847771998 L=49664 coh=2.988σ
FONDO ISLA: t=1e+34 k=13962979847920990 L=49664 coh=0.034σ
FONDO ISLA: t=1e+34 k=13962979847970654 L=49664 coh=0.020σ
FONDO ISLA: t=1e+34 k=13962979848020318 L=49664 coh=0.010σ
FONDO ISLA: t=1e+34 k=13962979848069982 L=49664 coh=0.016σ
FONDO ISLA: t=1e+34 k=13962979848119646 L=49664 coh=0.027σ
FONDO ISLA: t=1e+34 k=13962979848169310 L=49664 coh=0.035σ
FONDO ISLA: t=1e+34 k=13962979848218974 L=49664 coh=0.046σ
FONDO OLA: t=1e+34 k=13962979848318302 L=49664 coh=2.929σ
FONDO ISLA: t=1e+34 k=13962979848417630 L=49664 coh=0.037σ
FONDO ISLA: t=1e+34 k=13962979848467294 L=49664 coh=0.012σ
FONDO ISLA: t=1e+34 k=13962979848516958 L=49664 coh=0.029σ
FONDO ISLA: t=1e+34 k=13962979848566622 L=49664 coh=0.031σ
FONDO ISLA: t=1e+34 k=13962979848616286 L=49664 coh=0.027σ
FONDO ISLA: t=1e+34 k=13962979848665950 L=49664 coh=0.008σ
FONDO OLA: t=1e+34 k=13962979848814942 L=49664 coh=3.226σ
FONDO ISLA: t=1e+34 k=13962979848914270 L=49664 coh=0.014σ
FONDO ISLA: t=1e+34 k=13962979848963934 L=49664 coh=0.011σ
FONDO ISLA: t=1e+34 k=13962979849013598 L=49664 coh=0.043σ
FONDO ISLA: t=1e+34 k=13962979849063262 L=49664 coh=0.010σ
FONDO ISLA: t=1e+34 k=13962979849112926 L=49664 coh=0.026σ
FONDO ISLA: t=1e+34 k=13962979849162590 L=49664 coh=0.041σ
FONDO ISLA: t=1e+34 k=13962979849212254 L=49664 coh=0.022σ
FONDO OLA: t=1e+34 k=13962979849311582 L=49664 coh=3.353σ
FONDO ISLA: t=1e+34 k=13962979849410910 L=49664 coh=0.018σ
FONDO ISLA: t=1e+34 k=13962979849460574 L=49664 coh=0.022σ
FONDO ISLA: t=1e+34 k=13962979849510238 L=49664 coh=0.023σ
FONDO ISLA: t=1e+34 k=13962979849559902 L=49664 coh=0.012σ
FONDO ISLA: t=1e+34 k=13962979849609566 L=49664 coh=0.015σ
FONDO ISLA: t=1e+34 k=13962979849659230 L=49664 coh=0.030σ
FONDO OLA: t=1e+34 k=13962979849808222 L=49664 coh=3.115σ
FONDO ISLA: t=1e+34 k=13962979849907550 L=49664 coh=0.024σ
FONDO ISLA: t=1e+34 k=13962979849957214 L=49664 coh=0.018σ
FONDO ISLA: t=1e+34 k=13962979850006878 L=49664 coh=0.016σ
FONDO ISLA: t=1e+34 k=13962979850056542 L=49664 coh=0.018σ
FONDO ISLA: t=1e+34 k=13962979850106206 L=49664 coh=0.026σ
FONDO ISLA: t=1e+34 k=13962979850155870 L=49664 coh=0.023σ
FONDO ISLA: t=1e+34 k=13962979850205534 L=49664 coh=0.023σ
FONDO ISLA: t=1e+34 k=13962979850404190 L=49664 coh=0.038σ
FONDO ISLA: t=1e+34 k=13962979850453854 L=49664 coh=0.030σ
FONDO ISLA: t=1e+34 k=13962979850503518 L=49664 coh=0.030σ
FONDO ISLA: t=1e+34 k=13962979850553182 L=49664 coh=0.019σ
FONDO ISLA: t=1e+34 k=13962979850602846 L=49664 coh=0.004σ
FONDO ISLA: t=1e+34 k=13962979850652510 L=49664 coh=0.045σ
FONDO OLA: t=1e+34 k=13962979850751838 L=49664 coh=3.154σ
FONDO ISLA: t=1e+34 k=13962979850851166 L=49664 coh=0.018σ
FONDO ISLA: t=1e+34 k=13962979850900830 L=49664 coh=0.043σ
FONDO ISLA: t=1e+34 k=13962979850950494 L=49664 coh=0.044σ
FONDO ISLA: t=1e+34 k=13962979851000158 L=49664 coh=0.040σ
FONDO ISLA: t=1e+34 k=13962979851049822 L=49664 coh=0.032σ
FONDO ISLA: t=1e+34 k=13962979851099486 L=49664 coh=0.033σ
FONDO ISLA: t=1e+34 k=13962979851149150 L=49664 coh=0.049σ
FONDO OLA: t=1e+34 k=13962979851248478 L=49664 coh=2.836σ
FONDO ISLA: t=1e+34 k=13962979851298142 L=49664 coh=0.037σ
FONDO ISLA: t=1e+34 k=13962979851347806 L=49664 coh=0.022σ
FONDO ISLA: t=1e+34 k=13962979851397470 L=49664 coh=0.020σ
FONDO ISLA: t=1e+34 k=13962979851447134 L=49664 coh=0.026σ
FONDO ISLA: t=1e+34 k=13962979851496798 L=49664 coh=0.024σ
FONDO ISLA: t=1e+34 k=13962979851546462 L=49664 coh=0.012σ
FONDO ISLA: t=1e+34 k=13962979851596126 L=49664 coh=0.018σ
FONDO OLA: t=1e+34 k=13962979851695454 L=49664 coh=3.079σ
FONDO ISLA: t=1e+34 k=13962979851794782 L=49664 coh=0.020σ
FONDO ISLA: t=1e+34 k=13962979851844446 L=49664 coh=0.033σ
FONDO ISLA: t=1e+34 k=13962979851894110 L=49664 coh=0.005σ
FONDO ISLA: t=1e+34 k=13962979851943774 L=49664 coh=0.011σ
FONDO ISLA: t=1e+34 k=13962979851993438 L=49664 coh=0.016σ
FONDO ISLA: t=1e+34 k=13962979852043102 L=49664 coh=0.038σ
FONDO OLA: t=1e+34 k=13962979852142430 L=49664 coh=3.172σ
FONDO ISLA: t=1e+34 k=13962979852291422 L=49664 coh=0.026σ
FONDO ISLA: t=1e+34 k=13962979852341086 L=49664 coh=0.012σ
FONDO ISLA: t=1e+34 k=13962979852390750 L=49664 coh=0.019σ
FONDO ISLA: t=1e+34 k=13962979852440414 L=49664 coh=0.016σ
FONDO ISLA: t=1e+34 k=13962979852490078 L=49664 coh=0.046σ
FONDO OLA: t=1e+34 k=13962979852589406 L=49664 coh=2.699σ
FONDO ISLA: t=1e+34 k=13962979852738398 L=49664 coh=0.026σ
FONDO ISLA: t=1e+34 k=13962979852788062 L=49664 coh=0.024σ
FONDO ISLA: t=1e+34 k=13962979852837726 L=49664 coh=0.019σ
FONDO ISLA: t=1e+34 k=13962979852887390 L=49664 coh=0.036σ
FONDO ISLA: t=1e+34 k=13962979852937054 L=49664 coh=0.030σ
FONDO ISLA: t=1e+34 k=13962979853185374 L=49664 coh=0.036σ
FONDO ISLA: t=1e+34 k=13962979853235038 L=49664 coh=0.006σ
FONDO ISLA: t=1e+34 k=13962979853284702 L=49664 coh=0.043σ
FONDO ISLA: t=1e+34 k=13962979853334366 L=49664 coh=0.035σ
FONDO ISLA: t=1e+34 k=13962979853384030 L=49664 coh=0.049σ
FONDO ISLA: t=1e+34 k=13962979853433694 L=49664 coh=0.038σ
FONDO OLA: t=1e+34 k=13962979853483358 L=49664 coh=2.447σ
FONDO ISLA: t=1e+34 k=13962979853632350 L=49664 coh=0.008σ
FONDO ISLA: t=1e+34 k=13962979853682014 L=49664 coh=0.007σ
FONDO ISLA: t=1e+34 k=13962979853731678 L=49664 coh=0.005σ
FONDO ISLA: t=1e+34 k=13962979853781342 L=49664 coh=0.026σ
FONDO ISLA: t=1e+34 k=13962979853831006 L=49664 coh=0.036σ
FONDO OLA: t=1e+34 k=13962979853930334 L=49664 coh=2.737σ
FONDO ISLA: t=1e+34 k=13962979854079326 L=49664 coh=0.040σ
FONDO ISLA: t=1e+34 k=13962979854128990 L=49664 coh=0.029σ
FONDO ISLA: t=1e+34 k=13962979854178654 L=49664 coh=0.011σ
FONDO ISLA: t=1e+34 k=13962979854228318 L=49664 coh=0.013σ
FONDO ISLA: t=1e+34 k=13962979854277982 L=49664 coh=0.023σ
FONDO ISLA: t=1e+34 k=13962979854327646 L=49664 coh=0.042σ
FONDO OLA: t=1e+34 k=13962979854377310 L=49664 coh=3.040σ
FONDO ISLA: t=1e+34 k=13962979854476638 L=49664 coh=0.036σ
FONDO ISLA: t=1e+34 k=13962979854526302 L=49664 coh=0.024σ
FONDO ISLA: t=1e+34 k=13962979854575966 L=49664 coh=0.017σ
FONDO ISLA: t=1e+34 k=13962979854625630 L=49664 coh=0.016σ
FONDO ISLA: t=1e+34 k=13962979854675294 L=49664 coh=0.025σ
FONDO ISLA: t=1e+34 k=13962979854724958 L=49664 coh=0.027σ
FONDO OLA: t=1e+34 k=13962979854824286 L=49664 coh=3.115σ
FONDO ISLA: t=1e+34 k=13962979854873950 L=49664 coh=0.043σ
FONDO ISLA: t=1e+34 k=13962979854923614 L=49664 coh=0.034σ
FONDO ISLA: t=1e+34 k=13962979854973278 L=49664 coh=0.015σ
FONDO ISLA: t=1e+34 k=13962979855022942 L=49664 coh=0.009σ
FONDO ISLA: t=1e+34 k=13962979855072606 L=49664 coh=0.020σ
FONDO ISLA: t=1e+34 k=13962979855122270 L=49664 coh=0.023σ
FONDO OLA: t=1e+34 k=13962979855221598 L=49664 coh=2.940σ
FONDO ISLA: t=1e+34 k=13962979855320926 L=49664 coh=0.034σ
FONDO ISLA: t=1e+34 k=13962979855370590 L=49664 coh=0.024σ
FONDO ISLA: t=1e+34 k=13962979855420254 L=49664 coh=0.015σ
FONDO ISLA: t=1e+34 k=13962979855469918 L=49664 coh=0.022σ
FONDO ISLA: t=1e+34 k=13962979855519582 L=49664 coh=0.033σ
FONDO ISLA: t=1e+34 k=13962979855569246 L=49664 coh=0.033σ
FONDO OLA: t=1e+34 k=13962979855668574 L=49664 coh=2.907σ
FONDO ISLA: t=1e+34 k=13962979855718238 L=49664 coh=0.044σ
FONDO ISLA: t=1e+34 k=13962979855767902 L=49664 coh=0.033σ
FONDO ISLA: t=1e+34 k=13962979855817566 L=49664 coh=0.011σ
FONDO ISLA: t=1e+34 k=13962979855867230 L=49664 coh=0.026σ
FONDO ISLA: t=1e+34 k=13962979855916894 L=49664 coh=0.035σ
FONDO OLA: t=1e+34 k=13962979856065886 L=49664 coh=2.762σ
FONDO ISLA: t=1e+34 k=13962979856214878 L=49664 coh=0.007σ
FONDO ISLA: t=1e+34 k=13962979856264542 L=49664 coh=0.008σ
FONDO ISLA: t=1e+34 k=13962979856314206 L=49664 coh=0.036σ
FONDO ISLA: t=1e+34 k=13962979856363870 L=49664 coh=0.016σ
FONDO ISLA: t=1e+34 k=13962979856562526 L=49664 coh=0.046σ
FONDO ISLA: t=1e+34 k=13962979856612190 L=49664 coh=0.045σ
FONDO ISLA: t=1e+34 k=13962979856661854 L=49664 coh=0.028σ
FONDO ISLA: t=1e+34 k=13962979856711518 L=49664 coh=0.036σ
FONDO ISLA: t=1e+34 k=13962979856761182 L=49664 coh=0.034σ
FONDO OLA: t=1e+34 k=13962979856910174 L=49664 coh=2.806σ
FONDO ISLA: t=1e+34 k=13962979857009502 L=49664 coh=0.010σ
FONDO ISLA: t=1e+34 k=13962979857059166 L=49664 coh=0.037σ
FONDO ISLA: t=1e+34 k=13962979857108830 L=49664 coh=0.008σ
FONDO ISLA: t=1e+34 k=13962979857158494 L=49664 coh=0.011σ
FONDO OLA: t=1e+34 k=13962979857307486 L=49664 coh=2.908σ
FONDO ISLA: t=1e+34 k=13962979857406814 L=49664 coh=0.003σ
FONDO ISLA: t=1e+34 k=13962979857456478 L=49664 coh=0.017σ
FONDO ISLA: t=1e+34 k=13962979857506142 L=49664 coh=0.028σ
FONDO ISLA: t=1e+34 k=13962979857555806 L=49664 coh=0.035σ
FONDO ISLA: t=1e+34 k=13962979857605470 L=49664 coh=0.014σ
FONDO OLA: t=1e+34 k=13962979857704798 L=49664 coh=2.796σ
FONDO ISLA: t=1e+34 k=13962979857804126 L=49664 coh=0.049σ
FONDO ISLA: t=1e+34 k=13962979857853790 L=49664 coh=0.041σ
FONDO ISLA: t=1e+34 k=13962979857903454 L=49664 coh=0.023σ
FONDO ISLA: t=1e+34 k=13962979857953118 L=49664 coh=0.026σ
FONDO ISLA: t=1e+34 k=13962979858002782 L=49664 coh=0.041σ
FONDO OLA: t=1e+34 k=13962979858102110 L=49664 coh=2.803σ
FONDO ISLA: t=1e+34 k=13962979858201438 L=49664 coh=0.016σ
FONDO ISLA: t=1e+34 k=13962979858251102 L=49664 coh=0.018σ
FONDO ISLA: t=1e+34 k=13962979858300766 L=49664 coh=0.031σ
FONDO ISLA: t=1e+34 k=13962979858350430 L=49664 coh=0.024σ
FONDO ISLA: t=1e+34 k=13962979858400094 L=49664 coh=0.022σ
FONDO OLA: t=1e+34 k=13962979858499422 L=49664 coh=2.851σ
FONDO ISLA: t=1e+34 k=13962979858598750 L=49664 coh=0.023σ
FONDO ISLA: t=1e+34 k=13962979858648414 L=49664 coh=0.014σ
FONDO ISLA: t=1e+34 k=13962979858698078 L=49664 coh=0.019σ
FONDO ISLA: t=1e+34 k=13962979858747742 L=49664 coh=0.014σ
FONDO ISLA: t=1e+34 k=13962979858797406 L=49664 coh=0.013σ
FONDO OLA: t=1e+34 k=13962979858896734 L=49664 coh=2.724σ
FONDO ISLA: t=1e+34 k=13962979858946398 L=49664 coh=0.042σ
FONDO ISLA: t=1e+34 k=13962979858996062 L=49664 coh=0.017σ
FONDO ISLA: t=1e+34 k=13962979859045726 L=49664 coh=0.012σ
FONDO ISLA: t=1e+34 k=13962979859095390 L=49664 coh=0.027σ
FONDO ISLA: t=1e+34 k=13962979859145054 L=49664 coh=0.010σ
FONDO ISLA: t=1e+34 k=13962979859194718 L=49664 coh=0.024σ
FONDO OLA: t=1e+34 k=13962979859294046 L=49664 coh=2.751σ
FONDO ISLA: t=1e+34 k=13962979859393374 L=49664 coh=0.012σ
FONDO ISLA: t=1e+34 k=13962979859443038 L=49664 coh=0.026σ
FONDO ISLA: t=1e+34 k=13962979859492702 L=49664 coh=0.017σ
FONDO ISLA: t=1e+34 k=13962979859542366 L=49664 coh=0.019σ
FONDO ISLA: t=1e+34 k=13962979859592030 L=49664 coh=0.042σ
FONDO OLA: t=1e+34 k=13962979859641694 L=49664 coh=2.588σ
FONDO ISLA: t=1e+34 k=13962979859741022 L=49664 coh=0.026σ
FONDO ISLA: t=1e+34 k=13962979859790686 L=49664 coh=0.020σ
FONDO ISLA: t=1e+34 k=13962979859840350 L=49664 coh=0.020σ
FONDO ISLA: t=1e+34 k=13962979859890014 L=49664 coh=0.013σ
FONDO ISLA: t=1e+34 k=13962979859939678 L=49664 coh=0.012σ
FONDO OLA: t=1e+34 k=13962979860039006 L=49664 coh=2.760σ
FONDO ISLA: t=1e+34 k=13962979860138334 L=49664 coh=0.015σ
FONDO ISLA: t=1e+34 k=13962979860187998 L=49664 coh=0.025σ
FONDO ISLA: t=1e+34 k=13962979860237662 L=49664 coh=0.015σ
FONDO ISLA: t=1e+34 k=13962979860287326 L=49664 coh=0.004σ
FONDO ISLA: t=1e+34 k=13962979860336990 L=49664 coh=0.044σ
FONDO OLA: t=1e+34 k=13962979860436318 L=49664 coh=2.435σ
FONDO ISLA: t=1e+34 k=13962979860485982 L=49664 coh=0.015σ
FONDO ISLA: t=1e+34 k=13962979860535646 L=49664 coh=0.030σ
FONDO ISLA: t=1e+34 k=13962979860585310 L=49664 coh=0.013σ
FONDO ISLA: t=1e+34 k=13962979860634974 L=49664 coh=0.007σ
FONDO ISLA: t=1e+34 k=13962979860684638 L=49664 coh=0.028σ
FONDO ISLA: t=1e+34 k=13962979860734302 L=49664 coh=0.029σ
FONDO OLA: t=1e+34 k=13962979860783966 L=49664 coh=2.628σ
FONDO ISLA: t=1e+34 k=13962979860883294 L=49664 coh=0.043σ
FONDO ISLA: t=1e+34 k=13962979860932958 L=49664 coh=0.014σ
FONDO ISLA: t=1e+34 k=13962979860982622 L=49664 coh=0.012σ
FONDO ISLA: t=1e+34 k=13962979861032286 L=49664 coh=0.023σ
FONDO ISLA: t=1e+34 k=13962979861081950 L=49664 coh=0.020σ
FONDO OLA: t=1e+34 k=13962979861181278 L=49664 coh=2.979σ
FONDO ISLA: t=1e+34 k=13962979861280606 L=49664 coh=0.013σ
FONDO ISLA: t=1e+34 k=13962979861330270 L=49664 coh=0.017σ
FONDO ISLA: t=1e+34 k=13962979861379934 L=49664 coh=0.017σ
FONDO ISLA: t=1e+34 k=13962979861429598 L=49664 coh=0.019σ
FONDO OLA: t=1e+34 k=13962979861528926 L=49664 coh=2.664σ
FONDO ISLA: t=1e+34 k=13962979861628254 L=49664 coh=0.007σ
FONDO ISLA: t=1e+34 k=13962979861677918 L=49664 coh=0.020σ
FONDO ISLA: t=1e+34 k=13962979861727582 L=49664 coh=0.015σ
FONDO ISLA: t=1e+34 k=13962979861777246 L=49664 coh=0.012σ
FONDO ISLA: t=1e+34 k=13962979861826910 L=49664 coh=0.042σ
FONDO OLA: t=1e+34 k=13962979861876574 L=49664 coh=3.064σ
FONDO ISLA: t=1e+34 k=13962979861975902 L=49664 coh=0.007σ
FONDO ISLA: t=1e+34 k=13962979862025566 L=49664 coh=0.022σ
FONDO ISLA: t=1e+34 k=13962979862075230 L=49664 coh=0.009σ
FONDO ISLA: t=1e+34 k=13962979862124894 L=49664 coh=0.011σ
FONDO ISLA: t=1e+34 k=13962979862174558 L=49664 coh=0.033σ
FONDO OLA: t=1e+34 k=13962979862273886 L=49664 coh=2.804σ
FONDO ISLA: t=1e+34 k=13962979862323550 L=49664 coh=0.016σ
FONDO ISLA: t=1e+34 k=13962979862373214 L=49664 coh=0.019σ
FONDO ISLA: t=1e+34 k=13962979862422878 L=49664 coh=0.009σ
FONDO ISLA: t=1e+34 k=13962979862472542 L=49664 coh=0.007σ
FONDO ISLA: t=1e+34 k=13962979862522206 L=49664 coh=0.028σ
FONDO OLA: t=1e+34 k=13962979862621534 L=49664 coh=2.639σ
FONDO ISLA: t=1e+34 k=13962979862671198 L=49664 coh=0.044σ
FONDO ISLA: t=1e+34 k=13962979862720862 L=49664 coh=0.016σ
FONDO ISLA: t=1e+34 k=13962979862770526 L=49664 coh=0.007σ
FONDO ISLA: t=1e+34 k=13962979862820190 L=49664 coh=0.009σ
FONDO ISLA: t=1e+34 k=13962979862869854 L=49664 coh=0.025σ
FONDO OLA: t=1e+34 k=13962979862969182 L=49664 coh=2.573σ
FONDO ISLA: t=1e+34 k=13962979863068510 L=49664 coh=0.018σ
FONDO ISLA: t=1e+34 k=13962979863118174 L=49664 coh=0.006σ
FONDO ISLA: t=1e+34 k=13962979863167838 L=49664 coh=0.014σ
FONDO ISLA: t=1e+34 k=13962979863217502 L=49664 coh=0.021σ
FONDO OLA: t=1e+34 k=13962979863316830 L=49664 coh=2.872σ
FONDO ISLA: t=1e+34 k=13962979863416158 L=49664 coh=0.034σ
FONDO ISLA: t=1e+34 k=13962979863465822 L=49664 coh=0.008σ
FONDO ISLA: t=1e+34 k=13962979863515486 L=49664 coh=0.013σ
FONDO ISLA: t=1e+34 k=13962979863565150 L=49664 coh=0.015σ
FONDO ISLA: t=1e+34 k=13962979863614814 L=49664 coh=0.037σ
FONDO ISLA: t=1e+34 k=13962979863763806 L=49664 coh=0.042σ
FONDO ISLA: t=1e+34 k=13962979863813470 L=49664 coh=0.021σ
FONDO ISLA: t=1e+34 k=13962979863863134 L=49664 coh=0.014σ
FONDO ISLA: t=1e+34 k=13962979863912798 L=49664 coh=0.014σ
FONDO ISLA: t=1e+34 k=13962979863962462 L=49664 coh=0.028σ
FONDO ISLA: t=1e+34 k=13962979864161118 L=49664 coh=0.026σ
FONDO ISLA: t=1e+34 k=13962979864210782 L=49664 coh=0.023σ
FONDO ISLA: t=1e+34 k=13962979864260446 L=49664 coh=0.016σ
FONDO ISLA: t=1e+34 k=13962979864310110 L=49664 coh=0.012σ
FONDO ISLA: t=1e+34 k=13962979864508766 L=49664 coh=0.036σ
FONDO ISLA: t=1e+34 k=13962979864558430 L=49664 coh=0.030σ
FONDO ISLA: t=1e+34 k=13962979864608094 L=49664 coh=0.011σ
FONDO ISLA: t=1e+34 k=13962979864657758 L=49664 coh=0.015σ
FONDO ISLA: t=1e+34 k=13962979864856414 L=49664 coh=0.038σ
FONDO ISLA: t=1e+34 k=13962979864906078 L=49664 coh=0.032σ
FONDO ISLA: t=1e+34 k=13962979864955742 L=49664 coh=0.015σ
FONDO ISLA: t=1e+34 k=13962979865005406 L=49664 coh=0.025σ
FONDO ISLA: t=1e+34 k=13962979865154398 L=49664 coh=0.049σ
FONDO ISLA: t=1e+34 k=13962979865204062 L=49664 coh=0.040σ
FONDO ISLA: t=1e+34 k=13962979865253726 L=49664 coh=0.026σ
FONDO ISLA: t=1e+34 k=13962979865303390 L=49664 coh=0.029σ
FONDO ISLA: t=1e+34 k=13962979865353054 L=49664 coh=0.050σ
FONDO OLA: t=1e+34 k=13962979865402718 L=49664 coh=2.560σ
FONDO ISLA: t=1e+34 k=13962979865502046 L=49664 coh=0.021σ
FONDO ISLA: t=1e+34 k=13962979865551710 L=49664 coh=0.026σ
FONDO ISLA: t=1e+34 k=13962979865601374 L=49664 coh=0.021σ
FONDO ISLA: t=1e+34 k=13962979865651038 L=49664 coh=0.045σ
FONDO OLA: t=1e+34 k=13962979865750366 L=49664 coh=2.650σ
FONDO ISLA: t=1e+34 k=13962979865849694 L=49664 coh=0.014σ
FONDO ISLA: t=1e+34 k=13962979865899358 L=49664 coh=0.007σ
FONDO ISLA: t=1e+34 k=13962979865949022 L=49664 coh=0.010σ
FONDO ISLA: t=1e+34 k=13962979865998686 L=49664 coh=0.045σ
FONDO OLA: t=1e+34 k=13962979866098014 L=49664 coh=2.723σ
FONDO ISLA: t=1e+34 k=13962979866147678 L=49664 coh=0.032σ
FONDO ISLA: t=1e+34 k=13962979866197342 L=49664 coh=0.040σ
FONDO ISLA: t=1e+34 k=13962979866247006 L=49664 coh=0.018σ
FONDO ISLA: t=1e+34 k=13962979866296670 L=49664 coh=0.032σ
FONDO ISLA: t=1e+34 k=13962979866346334 L=49664 coh=0.029σ
FONDO OLA: t=1e+34 k=13962979866445662 L=49664 coh=3.035σ
FONDO ISLA: t=1e+34 k=13962979866495326 L=49664 coh=0.042σ
FONDO ISLA: t=1e+34 k=13962979866544990 L=49664 coh=0.035σ
FONDO ISLA: t=1e+34 k=13962979866594654 L=49664 coh=0.037σ
FONDO ISLA: t=1e+34 k=13962979866644318 L=49664 coh=0.048σ
FONDO ISLA: t=1e+34 k=13962979866693982 L=49664 coh=0.024σ
FONDO OLA: t=1e+34 k=13962979866743646 L=49664 coh=2.467σ
FONDO ISLA: t=1e+34 k=13962979866842974 L=49664 coh=0.047σ
FONDO ISLA: t=1e+34 k=13962979866892638 L=49664 coh=0.020σ
FONDO ISLA: t=1e+34 k=13962979866942302 L=49664 coh=0.034σ
FONDO ISLA: t=1e+34 k=13962979866991966 L=49664 coh=0.044σ
FONDO OLA: t=1e+34 k=13962979867091294 L=49664 coh=2.508σ
FONDO ISLA: t=1e+34 k=13962979867190622 L=49664 coh=0.018σ
FONDO ISLA: t=1e+34 k=13962979867240286 L=49664 coh=0.007σ
FONDO ISLA: t=1e+34 k=13962979867289950 L=49664 coh=0.016σ
FONDO ISLA: t=1e+34 k=13962979867339614 L=49664 coh=0.024σ
FONDO ISLA: t=1e+34 k=13962979867488606 L=49664 coh=0.036σ
FONDO ISLA: t=1e+34 k=13962979867538270 L=49664 coh=0.013σ
FONDO ISLA: t=1e+34 k=13962979867587934 L=49664 coh=0.022σ
FONDO ISLA: t=1e+34 k=13962979867637598 L=49664 coh=0.021σ
FONDO OLA: t=1e+34 k=13962979867736926 L=49664 coh=2.585σ
FONDO ISLA: t=1e+34 k=13962979867836254 L=49664 coh=0.003σ
FONDO ISLA: t=1e+34 k=13962979867885918 L=49664 coh=0.015σ
FONDO ISLA: t=1e+34 k=13962979867935582 L=49664 coh=0.025σ
FONDO ISLA: t=1e+34 k=13962979867985246 L=49664 coh=0.043σ
FONDO OLA: t=1e+34 k=13962979868084574 L=49664 coh=2.803σ
FONDO ISLA: t=1e+34 k=13962979868134238 L=49664 coh=0.030σ
FONDO ISLA: t=1e+34 k=13962979868183902 L=49664 coh=0.021σ
FONDO ISLA: t=1e+34 k=13962979868233566 L=49664 coh=0.012σ
FONDO ISLA: t=1e+34 k=13962979868283230 L=49664 coh=0.024σ
FONDO ISLA: t=1e+34 k=13962979868332894 L=49664 coh=0.035σ
FONDO OLA: t=1e+34 k=13962979868382558 L=49664 coh=2.471σ
FONDO ISLA: t=1e+34 k=13962979868481886 L=49664 coh=0.028σ
FONDO ISLA: t=1e+34 k=13962979868531550 L=49664 coh=0.015σ
FONDO ISLA: t=1e+34 k=13962979868581214 L=49664 coh=0.025σ
FONDO ISLA: t=1e+34 k=13962979868630878 L=49664 coh=0.031σ
FONDO ISLA: t=1e+34 k=13962979868779870 L=49664 coh=0.017σ
FONDO ISLA: t=1e+34 k=13962979868829534 L=49664 coh=0.031σ
FONDO ISLA: t=1e+34 k=13962979868879198 L=49664 coh=0.025σ
FONDO ISLA: t=1e+34 k=13962979868928862 L=49664 coh=0.025σ
FONDO OLA: t=1e+34 k=13962979869028190 L=49664 coh=2.445σ
FONDO ISLA: t=1e+34 k=13962979869127518 L=49664 coh=0.045σ
FONDO ISLA: t=1e+34 k=13962979869177182 L=49664 coh=0.018σ
FONDO ISLA: t=1e+34 k=13962979869226846 L=49664 coh=0.024σ
FONDO ISLA: t=1e+34 k=13962979869276510 L=49664 coh=0.017σ
FONDO OLA: t=1e+34 k=13962979869326174 L=49664 coh=2.624σ
FONDO ISLA: t=1e+34 k=13962979869425502 L=49664 coh=0.049σ
FONDO ISLA: t=1e+34 k=13962979869475166 L=49664 coh=0.023σ
FONDO ISLA: t=1e+34 k=13962979869524830 L=49664 coh=0.018σ
FONDO ISLA: t=1e+34 k=13962979869574494 L=49664 coh=0.031σ
FONDO OLA: t=1e+34 k=13962979869673822 L=49664 coh=2.733σ
FONDO ISLA: t=1e+34 k=13962979869773150 L=49664 coh=0.006σ
FONDO ISLA: t=1e+34 k=13962979869822814 L=49664 coh=0.029σ
FONDO ISLA: t=1e+34 k=13962979869872478 L=49664 coh=0.049σ
FONDO OLA: t=1e+34 k=13962979869971806 L=49664 coh=2.515σ
FONDO ISLA: t=1e+34 k=13962979870071134 L=49664 coh=0.024σ
FONDO ISLA: t=1e+34 k=13962979870120798 L=49664 coh=0.036σ
FONDO ISLA: t=1e+34 k=13962979870170462 L=49664 coh=0.039σ
FONDO ISLA: t=1e+34 k=13962979870220126 L=49664 coh=0.030σ
FONDO OLA: t=1e+34 k=13962979870269790 L=49664 coh=2.404σ
FONDO ISLA: t=1e+34 k=13962979870369118 L=49664 coh=0.027σ
FONDO ISLA: t=1e+34 k=13962979870418782 L=49664 coh=0.024σ
FONDO ISLA: t=1e+34 k=13962979870468446 L=49664 coh=0.025σ
FONDO ISLA: t=1e+34 k=13962979870518110 L=49664 coh=0.028σ
FONDO OLA: t=1e+34 k=13962979870567774 L=49664 coh=2.812σ
FONDO ISLA: t=1e+34 k=13962979870667102 L=49664 coh=0.033σ
FONDO ISLA: t=1e+34 k=13962979870716766 L=49664 coh=0.012σ
FONDO ISLA: t=1e+34 k=13962979870766430 L=49664 coh=0.011σ
FONDO ISLA: t=1e+34 k=13962979870816094 L=49664 coh=0.022σ
FONDO OLA: t=1e+34 k=13962979870915422 L=49664 coh=2.468σ
FONDO ISLA: t=1e+34 k=13962979870965086 L=49664 coh=0.010σ
FONDO ISLA: t=1e+34 k=13962979871014750 L=49664 coh=0.016σ
FONDO ISLA: t=1e+34 k=13962979871064414 L=49664 coh=0.020σ
FONDO ISLA: t=1e+34 k=13962979871114078 L=49664 coh=0.037σ
FONDO OLA: t=1e+34 k=13962979871213406 L=49664 coh=2.530σ
FONDO ISLA: t=1e+34 k=13962979871263070 L=49664 coh=0.035σ
FONDO ISLA: t=1e+34 k=13962979871312734 L=49664 coh=0.028σ
FONDO ISLA: t=1e+34 k=13962979871362398 L=49664 coh=0.009σ
FONDO ISLA: t=1e+34 k=13962979871412062 L=49664 coh=0.027σ
FONDO ISLA: t=1e+34 k=13962979871610718 L=49664 coh=0.036σ
FONDO ISLA: t=1e+34 k=13962979871660382 L=49664 coh=0.021σ
FONDO ISLA: t=1e+34 k=13962979871710046 L=49664 coh=0.039σ
FONDO ISLA: t=1e+34 k=13962979871759710 L=49664 coh=0.039σ
FONDO OLA: t=1e+34 k=13962979871809374 L=49664 coh=2.493σ
FONDO ISLA: t=1e+34 k=13962979871908702 L=49664 coh=0.043σ
FONDO ISLA: t=1e+34 k=13962979871958366 L=49664 coh=0.022σ
FONDO ISLA: t=1e+34 k=13962979872008030 L=49664 coh=0.035σ
FONDO ISLA: t=1e+34 k=13962979872057694 L=49664 coh=0.031σ
FONDO OLA: t=1e+34 k=13962979872107358 L=49664 coh=2.466σ
FONDO ISLA: t=1e+34 k=13962979872206686 L=49664 coh=0.038σ
FONDO ISLA: t=1e+34 k=13962979872256350 L=49664 coh=0.017σ
FONDO ISLA: t=1e+34 k=13962979872306014 L=49664 coh=0.036σ
FONDO OLA: t=1e+34 k=13962979872405342 L=49664 coh=2.424σ
FONDO ISLA: t=1e+34 k=13962979872504670 L=49664 coh=0.033σ
FONDO ISLA: t=1e+34 k=13962979872554334 L=49664 coh=0.019σ
FONDO ISLA: t=1e+34 k=13962979872603998 L=49664 coh=0.044σ
FONDO ISLA: t=1e+34 k=13962979872802654 L=49664 coh=0.028σ
FONDO ISLA: t=1e+34 k=13962979872852318 L=49664 coh=0.022σ
FONDO ISLA: t=1e+34 k=13962979872901982 L=49664 coh=0.027σ
FONDO ISLA: t=1e+34 k=13962979872951646 L=49664 coh=0.038σ
FONDO OLA: t=1e+34 k=13962979873001310 L=49664 coh=2.526σ
FONDO ISLA: t=1e+34 k=13962979873100638 L=49664 coh=0.026σ
FONDO ISLA: t=1e+34 k=13962979873150302 L=49664 coh=0.011σ
FONDO ISLA: t=1e+34 k=13962979873199966 L=49664 coh=0.008σ
FONDO ISLA: t=1e+34 k=13962979873249630 L=49664 coh=0.043σ
FONDO ISLA: t=1e+34 k=13962979873398622 L=49664 coh=0.014σ
FONDO ISLA: t=1e+34 k=13962979873448286 L=49664 coh=0.021σ
FONDO ISLA: t=1e+34 k=13962979873497950 L=49664 coh=0.018σ
FONDO OLA: t=1e+34 k=13962979873597278 L=49664 coh=2.425σ
FONDO ISLA: t=1e+34 k=13962979873696606 L=49664 coh=0.019σ
FONDO ISLA: t=1e+34 k=13962979873746270 L=49664 coh=0.011σ
FONDO ISLA: t=1e+34 k=13962979873795934 L=49664 coh=0.033σ
FONDO OLA: t=1e+34 k=13962979873895262 L=49664 coh=2.466σ
FONDO ISLA: t=1e+34 k=13962979873944926 L=49664 coh=0.025σ
FONDO ISLA: t=1e+34 k=13962979873994590 L=49664 coh=0.024σ
FONDO ISLA: t=1e+34 k=13962979874044254 L=49664 coh=0.036σ
FONDO ISLA: t=1e+34 k=13962979874093918 L=49664 coh=0.048σ
FONDO ISLA: t=1e+34 k=13962979874242910 L=49664 coh=0.022σ
FONDO ISLA: t=1e+34 k=13962979874292574 L=49664 coh=0.038σ
FONDO ISLA: t=1e+34 k=13962979874342238 L=49664 coh=0.019σ
FONDO ISLA: t=1e+34 k=13962979874391902 L=49664 coh=0.039σ
FONDO ISLA: t=1e+34 k=13962979874540894 L=49664 coh=0.015σ
FONDO ISLA: t=1e+34 k=13962979874590558 L=49664 coh=0.022σ
FONDO ISLA: t=1e+34 k=13962979874640222 L=49664 coh=0.019σ
FONDO ISLA: t=1e+34 k=13962979874838878 L=49664 coh=0.025σ
FONDO ISLA: t=1e+34 k=13962979874888542 L=49664 coh=0.016σ
FONDO ISLA: t=1e+34 k=13962979874938206 L=49664 coh=0.028σ
FONDO ISLA: t=1e+34 k=13962979875136862 L=49664 coh=0.019σ
FONDO ISLA: t=1e+34 k=13962979875186526 L=49664 coh=0.016σ
FONDO ISLA: t=1e+34 k=13962979875236190 L=49664 coh=0.022σ
FONDO ISLA: t=1e+34 k=13962979875385182 L=49664 coh=0.044σ
FONDO ISLA: t=1e+34 k=13962979875434846 L=49664 coh=0.023σ
FONDO ISLA: t=1e+34 k=13962979875484510 L=49664 coh=0.025σ
FONDO ISLA: t=1e+34 k=13962979875534174 L=49664 coh=0.006σ
FONDO OLA: t=1e+34 k=13962979875633502 L=49664 coh=2.735σ
FONDO ISLA: t=1e+34 k=13962979875683166 L=49664 coh=0.043σ
FONDO ISLA: t=1e+34 k=13962979875732830 L=49664 coh=0.003σ
FONDO ISLA: t=1e+34 k=13962979875782494 L=49664 coh=0.038σ
FONDO ISLA: t=1e+34 k=13962979875981150 L=49664 coh=0.019σ
FONDO ISLA: t=1e+34 k=13962979876030814 L=49664 coh=0.039σ
FONDO ISLA: t=1e+34 k=13962979876080478 L=49664 coh=0.033σ
FONDO OLA: t=1e+34 k=13962979876179806 L=49664 coh=2.439σ
FONDO ISLA: t=1e+34 k=13962979876279134 L=49664 coh=0.006σ
FONDO ISLA: t=1e+34 k=13962979876328798 L=49664 coh=0.027σ
FONDO ISLA: t=1e+34 k=13962979876378462 L=49664 coh=0.027σ
FONDO OLA: t=1e+34 k=13962979876477790 L=49664 coh=2.711σ
FONDO ISLA: t=1e+34 k=13962979876527454 L=49664 coh=0.015σ
FONDO ISLA: t=1e+34 k=13962979876577118 L=49664 coh=0.012σ
FONDO ISLA: t=1e+34 k=13962979876626782 L=49664 coh=0.017σ
FONDO ISLA: t=1e+34 k=13962979876676446 L=49664 coh=0.047σ
FONDO ISLA: t=1e+34 k=13962979876825438 L=49664 coh=0.023σ
FONDO ISLA: t=1e+34 k=13962979876875102 L=49664 coh=0.011σ
FONDO ISLA: t=1e+34 k=13962979876924766 L=49664 coh=0.034σ
FONDO OLA: t=1e+34 k=13962979877024094 L=49664 coh=2.427σ
FONDO ISLA: t=1e+34 k=13962979877073758 L=49664 coh=0.043σ
FONDO ISLA: t=1e+34 k=13962979877123422 L=49664 coh=0.037σ
FONDO ISLA: t=1e+34 k=13962979877173086 L=49664 coh=0.022σ
FONDO ISLA: t=1e+34 k=13962979877222750 L=49664 coh=0.026σ
FONDO OLA: t=1e+34 k=13962979877272414 L=49664 coh=2.480σ
FONDO ISLA: t=1e+34 k=13962979877371742 L=49664 coh=0.046σ
FONDO ISLA: t=1e+34 k=13962979877421406 L=49664 coh=0.024σ
FONDO ISLA: t=1e+34 k=13962979877471070 L=49664 coh=0.041σ
FONDO ISLA: t=1e+34 k=13962979877620062 L=49664 coh=0.034σ
FONDO ISLA: t=1e+34 k=13962979877669726 L=49664 coh=0.038σ
FONDO ISLA: t=1e+34 k=13962979877719390 L=49664 coh=0.030σ
FONDO ISLA: t=1e+34 k=13962979877918046 L=49664 coh=0.030σ
FONDO ISLA: t=1e+34 k=13962979877967710 L=49664 coh=0.010σ
FONDO ISLA: t=1e+34 k=13962979878017374 L=49664 coh=0.020σ
FONDO ISLA: t=1e+34 k=13962979878166366 L=49664 coh=0.040σ
FONDO ISLA: t=1e+34 k=13962979878216030 L=49664 coh=0.025σ
FONDO ISLA: t=1e+34 k=13962979878265694 L=49664 coh=0.015σ
FONDO ISLA: t=1e+34 k=13962979878315358 L=49664 coh=0.017σ
FONDO ISLA: t=1e+34 k=13962979878464350 L=49664 coh=0.035σ
FONDO ISLA: t=1e+34 k=13962979878514014 L=49664 coh=0.025σ
FONDO ISLA: t=1e+34 k=13962979878563678 L=49664 coh=0.039σ
FONDO ISLA: t=1e+34 k=13962979878762334 L=49664 coh=0.033σ
FONDO ISLA: t=1e+34 k=13962979878811998 L=49664 coh=0.038σ
FONDO ISLA: t=1e+34 k=13962979878861662 L=49664 coh=0.043σ
FONDO OLA: t=1e+34 k=13962979878911326 L=49664 coh=2.415σ
FONDO ISLA: t=1e+34 k=13962979879010654 L=49664 coh=0.015σ
FONDO ISLA: t=1e+34 k=13962979879060318 L=49664 coh=0.020σ
FONDO ISLA: t=1e+34 k=13962979879109982 L=49664 coh=0.038σ
FONDO ISLA: t=1e+34 k=13962979879258974 L=49664 coh=0.031σ
FONDO ISLA: t=1e+34 k=13962979879308638 L=49664 coh=0.020σ
FONDO ISLA: t=1e+34 k=13962979879358302 L=49664 coh=0.003σ
FONDO ISLA: t=1e+34 k=13962979879407966 L=49664 coh=0.041σ
FONDO ISLA: t=1e+34 k=13962979879507294 L=49664 coh=0.045σ
FONDO ISLA: t=1e+34 k=13962979879556958 L=49664 coh=0.021σ
FONDO ISLA: t=1e+34 k=13962979879606622 L=49664 coh=0.019σ
FONDO ISLA: t=1e+34 k=13962979879656286 L=49664 coh=0.030σ
FONDO OLA: t=1e+34 k=13962979879705950 L=49664 coh=2.494σ
FONDO ISLA: t=1e+34 k=13962979879805278 L=49664 coh=0.049σ
FONDO ISLA: t=1e+34 k=13962979879854942 L=49664 coh=0.027σ
FONDO ISLA: t=1e+34 k=13962979879904606 L=49664 coh=0.034σ
FONDO ISLA: t=1e+34 k=13962979880053598 L=49664 coh=0.029σ
FONDO ISLA: t=1e+34 k=13962979880103262 L=49664 coh=0.033σ
FONDO ISLA: t=1e+34 k=13962979880152926 L=49664 coh=0.043σ
FONDO ISLA: t=1e+34 k=13962979880351582 L=49664 coh=0.034σ
FONDO ISLA: t=1e+34 k=13962979880401246 L=49664 coh=0.018σ
FONDO ISLA: t=1e+34 k=13962979880450910 L=49664 coh=0.039σ
FONDO ISLA: t=1e+34 k=13962979880599902 L=49664 coh=0.024σ
FONDO ISLA: t=1e+34 k=13962979880649566 L=49664 coh=0.013σ
FONDO ISLA: t=1e+34 k=13962979880699230 L=49664 coh=0.029σ
FONDO ISLA: t=1e+34 k=13962979880848222 L=49664 coh=0.033σ
FONDO ISLA: t=1e+34 k=13962979880897886 L=49664 coh=0.014σ
FONDO ISLA: t=1e+34 k=13962979880947550 L=49664 coh=0.024σ
FONDO ISLA: t=1e+34 k=13962979881146206 L=49664 coh=0.033σ
FONDO ISLA: t=1e+34 k=13962979881195870 L=49664 coh=0.011σ
FONDO ISLA: t=1e+34 k=13962979881245534 L=49664 coh=0.041σ
FONDO ISLA: t=1e+34 k=13962979881394526 L=49664 coh=0.005σ
FONDO ISLA: t=1e+34 k=13962979881444190 L=49664 coh=0.038σ
FONDO OLA: t=1e+34 k=13962979881543518 L=49664 coh=2.455σ
FONDO ISLA: t=1e+34 k=13962979881642846 L=49664 coh=0.019σ
FONDO ISLA: t=1e+34 k=13962979881692510 L=49664 coh=0.004σ
FONDO ISLA: t=1e+34 k=13962979881742174 L=49664 coh=0.023σ
FONDO ISLA: t=1e+34 k=13962979881891166 L=49664 coh=0.021σ
FONDO ISLA: t=1e+34 k=13962979881940830 L=49664 coh=0.016σ
FONDO ISLA: t=1e+34 k=13962979881990494 L=49664 coh=0.024σ
FONDO ISLA: t=1e+34 k=13962979882139486 L=49664 coh=0.022σ
FONDO ISLA: t=1e+34 k=13962979882189150 L=49664 coh=0.013σ
FONDO ISLA: t=1e+34 k=13962979882238814 L=49664 coh=0.032σ
FONDO ISLA: t=1e+34 k=13962979882437470 L=49664 coh=0.037σ
FONDO ISLA: t=1e+34 k=13962979882487134 L=49664 coh=0.035σ
FONDO ISLA: t=1e+34 k=13962979882536798 L=49664 coh=0.035σ
FONDO ISLA: t=1e+34 k=13962979882685790 L=49664 coh=0.029σ
FONDO ISLA: t=1e+34 k=13962979882735454 L=49664 coh=0.031σ
FONDO ISLA: t=1e+34 k=13962979882934110 L=49664 coh=0.015σ
FONDO ISLA: t=1e+34 k=13962979882983774 L=49664 coh=0.008σ
FONDO ISLA: t=1e+34 k=13962979883033438 L=49664 coh=0.035σ
FONDO ISLA: t=1e+34 k=13962979883182430 L=49664 coh=0.017σ
FONDO ISLA: t=1e+34 k=13962979883232094 L=49664 coh=0.027σ
FONDO ISLA: t=1e+34 k=13962979883281758 L=49664 coh=0.026σ
FONDO ISLA: t=1e+34 k=13962979883430750 L=49664 coh=0.033σ
FONDO ISLA: t=1e+34 k=13962979883480414 L=49664 coh=0.006σ
FONDO ISLA: t=1e+34 k=13962979883530078 L=49664 coh=0.026σ
FONDO ISLA: t=1e+34 k=13962979883679070 L=49664 coh=0.025σ
FONDO ISLA: t=1e+34 k=13962979883728734 L=49664 coh=0.009σ
FONDO ISLA: t=1e+34 k=13962979883927390 L=49664 coh=0.023σ
FONDO ISLA: t=1e+34 k=13962979883977054 L=49664 coh=0.017σ
FONDO ISLA: t=1e+34 k=13962979884026718 L=49664 coh=0.033σ
FONDO ISLA: t=1e+34 k=13962979884175710 L=49664 coh=0.027σ
FONDO ISLA: t=1e+34 k=13962979884225374 L=49664 coh=0.018σ
FONDO ISLA: t=1e+34 k=13962979884275038 L=49664 coh=0.036σ
FONDO ISLA: t=1e+34 k=13962979884424030 L=49664 coh=0.043σ
FONDO ISLA: t=1e+34 k=13962979884473694 L=49664 coh=0.032σ
FONDO ISLA: t=1e+34 k=13962979884523358 L=49664 coh=0.033σ
FONDO OLA: t=1e+34 k=13962979884573022 L=49664 coh=2.423σ
FONDO ISLA: t=1e+34 k=13962979884672350 L=49664 coh=0.033σ
FONDO ISLA: t=1e+34 k=13962979884722014 L=49664 coh=0.027σ
FONDO ISLA: t=1e+34 k=13962979884771678 L=49664 coh=0.043σ
FONDO ISLA: t=1e+34 k=13962979884920670 L=49664 coh=0.014σ
FONDO ISLA: t=1e+34 k=13962979884970334 L=49664 coh=0.011σ
FONDO ISLA: t=1e+34 k=13962979885019998 L=49664 coh=0.030σ
FONDO ISLA: t=1e+34 k=13962979885168990 L=49664 coh=0.011σ
FONDO ISLA: t=1e+34 k=13962979885218654 L=49664 coh=0.031σ
FONDO ISLA: t=1e+34 k=13962979885268318 L=49664 coh=0.021σ
FONDO ISLA: t=1e+34 k=13962979885417310 L=49664 coh=0.021σ
FONDO ISLA: t=1e+34 k=13962979885466974 L=49664 coh=0.042σ
FONDO ISLA: t=1e+34 k=13962979885665630 L=49664 coh=0.032σ
FONDO ISLA: t=1e+34 k=13962979885715294 L=49664 coh=0.026σ
FONDO ISLA: t=1e+34 k=13962979885913950 L=49664 coh=0.014σ
FONDO ISLA: t=1e+34 k=13962979885963614 L=49664 coh=0.022σ
FONDO ISLA: t=1e+34 k=13962979886112606 L=49664 coh=0.025σ
FONDO ISLA: t=1e+34 k=13962979886162270 L=49664 coh=0.033σ
FONDO ISLA: t=1e+34 k=13962979886211934 L=49664 coh=0.025σ
FONDO ISLA: t=1e+34 k=13962979886360926 L=49664 coh=0.047σ
FONDO ISLA: t=1e+34 k=13962979886410590 L=49664 coh=0.016σ
FONDO ISLA: t=1e+34 k=13962979886460254 L=49664 coh=0.043σ
FONDO ISLA: t=1e+34 k=13962979886609246 L=49664 coh=0.015σ
FONDO ISLA: t=1e+34 k=13962979886658910 L=49664 coh=0.027σ
FONDO ISLA: t=1e+34 k=13962979886708574 L=49664 coh=0.027σ
FONDO ISLA: t=1e+34 k=13962979886857566 L=49664 coh=0.022σ
FONDO ISLA: t=1e+34 k=13962979886907230 L=49664 coh=0.011σ
FONDO ISLA: t=1e+34 k=13962979886956894 L=49664 coh=0.036σ
FONDO ISLA: t=1e+34 k=13962979887105886 L=49664 coh=0.019σ
FONDO ISLA: t=1e+34 k=13962979887155550 L=49664 coh=0.027σ
FONDO ISLA: t=1e+34 k=13962979887205214 L=49664 coh=0.050σ
FONDO ISLA: t=1e+34 k=13962979887354206 L=49664 coh=0.028σ
FONDO ISLA: t=1e+34 k=13962979887403870 L=49664 coh=0.035σ
FONDO ISLA: t=1e+34 k=13962979887552862 L=49664 coh=0.027σ
FONDO ISLA: t=1e+34 k=13962979887602526 L=49664 coh=0.008σ
FONDO ISLA: t=1e+34 k=13962979887652190 L=49664 coh=0.035σ
FONDO ISLA: t=1e+34 k=13962979887801182 L=49664 coh=0.035σ
FONDO ISLA: t=1e+34 k=13962979887850846 L=49664 coh=0.015σ
FONDO ISLA: t=1e+34 k=13962979887900510 L=49664 coh=0.019σ
FONDO ISLA: t=1e+34 k=13962979888049502 L=49664 coh=0.043σ
FONDO ISLA: t=1e+34 k=13962979888099166 L=49664 coh=0.035σ
FONDO ISLA: t=1e+34 k=13962979888148830 L=49664 coh=0.046σ
FONDO ISLA: t=1e+34 k=13962979888297822 L=49664 coh=0.021σ
FONDO ISLA: t=1e+34 k=13962979888347486 L=49664 coh=0.026σ
FONDO ISLA: t=1e+34 k=13962979888496478 L=49664 coh=0.047σ
FONDO TORMENTA: t=1e+34 k=13962979814050142 ventana=32 marea=-0.999
FONDO TORMENTA: t=1e+34 k=13962979815689054 ventana=32 marea=-1.000
FONDO TORMENTA: t=1e+34 k=13962979817327966 ventana=32 marea=+2.213
FONDO TORMENTA: t=1e+34 k=13962979818966878 ventana=32 marea=-0.998
FONDO TORMENTA: t=1e+34 k=13962979821648734 ventana=32 marea=-0.614
FONDO TORMENTA: t=1e+34 k=13962979823287646 ventana=32 marea=+0.592
FONDO TORMENTA: t=1e+34 k=13962979825224542 ventana=32 marea=+0.787
FONDO TORMENTA: t=1e+34 k=13962979827707742 ventana=32 marea=+0.948
FONDO TORMENTA: t=1e+34 k=13962979830439262 ventana=32 marea=-0.628
FONDO TORMENTA: t=1e+34 k=13962979835852638 ventana=32 marea=+0.581
